Archive member included to satisfy reference by file (symbol)

d:/download/stm32cubeide_1.7.0/stm32cubeide/plugins/com.st.stm32cube.ide.mcu.externaltools.gnu-tools-for-stm32.9-2020-q2-update.win32_2.0.0.202105311346/tools/bin/../lib/gcc/arm-none-eabi/9.3.1/../../../../arm-none-eabi/lib/thumb/v7-m/nofp\libc_nano.a(lib_a-errno.o)
                              ./Core/Src/syscalls.o (__errno)
d:/download/stm32cubeide_1.7.0/stm32cubeide/plugins/com.st.stm32cube.ide.mcu.externaltools.gnu-tools-for-stm32.9-2020-q2-update.win32_2.0.0.202105311346/tools/bin/../lib/gcc/arm-none-eabi/9.3.1/../../../../arm-none-eabi/lib/thumb/v7-m/nofp\libc_nano.a(lib_a-exit.o)
                              d:/download/stm32cubeide_1.7.0/stm32cubeide/plugins/com.st.stm32cube.ide.mcu.externaltools.gnu-tools-for-stm32.9-2020-q2-update.win32_2.0.0.202105311346/tools/bin/../lib/gcc/arm-none-eabi/9.3.1/../../../../arm-none-eabi/lib/thumb/v7-m/nofp/crt0.o (exit)
d:/download/stm32cubeide_1.7.0/stm32cubeide/plugins/com.st.stm32cube.ide.mcu.externaltools.gnu-tools-for-stm32.9-2020-q2-update.win32_2.0.0.202105311346/tools/bin/../lib/gcc/arm-none-eabi/9.3.1/../../../../arm-none-eabi/lib/thumb/v7-m/nofp\libc_nano.a(lib_a-impure.o)
                              d:/download/stm32cubeide_1.7.0/stm32cubeide/plugins/com.st.stm32cube.ide.mcu.externaltools.gnu-tools-for-stm32.9-2020-q2-update.win32_2.0.0.202105311346/tools/bin/../lib/gcc/arm-none-eabi/9.3.1/../../../../arm-none-eabi/lib/thumb/v7-m/nofp\libc_nano.a(lib_a-exit.o) (_global_impure_ptr)
d:/download/stm32cubeide_1.7.0/stm32cubeide/plugins/com.st.stm32cube.ide.mcu.externaltools.gnu-tools-for-stm32.9-2020-q2-update.win32_2.0.0.202105311346/tools/bin/../lib/gcc/arm-none-eabi/9.3.1/../../../../arm-none-eabi/lib/thumb/v7-m/nofp\libc_nano.a(lib_a-init.o)
                              d:/download/stm32cubeide_1.7.0/stm32cubeide/plugins/com.st.stm32cube.ide.mcu.externaltools.gnu-tools-for-stm32.9-2020-q2-update.win32_2.0.0.202105311346/tools/bin/../lib/gcc/arm-none-eabi/9.3.1/../../../../arm-none-eabi/lib/thumb/v7-m/nofp/crt0.o (__libc_init_array)
d:/download/stm32cubeide_1.7.0/stm32cubeide/plugins/com.st.stm32cube.ide.mcu.externaltools.gnu-tools-for-stm32.9-2020-q2-update.win32_2.0.0.202105311346/tools/bin/../lib/gcc/arm-none-eabi/9.3.1/../../../../arm-none-eabi/lib/thumb/v7-m/nofp\libc_nano.a(lib_a-memcpy-stub.o)
                              ./Core/Src/fsm_vm.o (memcpy)
d:/download/stm32cubeide_1.7.0/stm32cubeide/plugins/com.st.stm32cube.ide.mcu.externaltools.gnu-tools-for-stm32.9-2020-q2-update.win32_2.0.0.202105311346/tools/bin/../lib/gcc/arm-none-eabi/9.3.1/../../../../arm-none-eabi/lib/thumb/v7-m/nofp\libc_nano.a(lib_a-memset.o)
                              d:/download/stm32cubeide_1.7.0/stm32cubeide/plugins/com.st.stm32cube.ide.mcu.externaltools.gnu-tools-for-stm32.9-2020-q2-update.win32_2.0.0.202105311346/tools/bin/../lib/gcc/arm-none-eabi/9.3.1/../../../../arm-none-eabi/lib/thumb/v7-m/nofp/crt0.o (memset)
d:/download/stm32cubeide_1.7.0/stm32cubeide/plugins/com.st.stm32cube.ide.mcu.externaltools.gnu-tools-for-stm32.9-2020-q2-update.win32_2.0.0.202105311346/tools/bin/../lib/gcc/arm-none-eabi/9.3.1/../../../../arm-none-eabi/lib/thumb/v7-m/nofp\libc_nano.a(lib_a-snprintf.o)
                              ./Core/Src/fsm_vm.o (snprintf)
d:/download/stm32cubeide_1.7.0/stm32cubeide/plugins/com.st.stm32cube.ide.mcu.externaltools.gnu-tools-for-stm32.9-2020-q2-update.win32_2.0.0.202105311346/tools/bin/../lib/gcc/arm-none-eabi/9.3.1/../../../../arm-none-eabi/lib/thumb/v7-m/nofp\libc_nano.a(lib_a-sprintf.o)
                              ./Core/Src/fsm_vm.o (sprintf)
d:/download/stm32cubeide_1.7.0/stm32cubeide/plugins/com.st.stm32cube.ide.mcu.externaltools.gnu-tools-for-stm32.9-2020-q2-update.win32_2.0.0.202105311346/tools/bin/../lib/gcc/arm-none-eabi/9.3.1/../../../../arm-none-eabi/lib/thumb/v7-m/nofp\libc_nano.a(lib_a-strcmp.o)
                              ./Core/Src/ADMIN.o (strcmp)
d:/download/stm32cubeide_1.7.0/stm32cubeide/plugins/com.st.stm32cube.ide.mcu.externaltools.gnu-tools-for-stm32.9-2020-q2-update.win32_2.0.0.202105311346/tools/bin/../lib/gcc/arm-none-eabi/9.3.1/../../../../arm-none-eabi/lib/thumb/v7-m/nofp\libc_nano.a(lib_a-strlen.o)
                              ./Core/Src/fsm_vm.o (strlen)
d:/download/stm32cubeide_1.7.0/stm32cubeide/plugins/com.st.stm32cube.ide.mcu.externaltools.gnu-tools-for-stm32.9-2020-q2-update.win32_2.0.0.202105311346/tools/bin/../lib/gcc/arm-none-eabi/9.3.1/../../../../arm-none-eabi/lib/thumb/v7-m/nofp\libc_nano.a(lib_a-nano-svfprintf.o)
                              d:/download/stm32cubeide_1.7.0/stm32cubeide/plugins/com.st.stm32cube.ide.mcu.externaltools.gnu-tools-for-stm32.9-2020-q2-update.win32_2.0.0.202105311346/tools/bin/../lib/gcc/arm-none-eabi/9.3.1/../../../../arm-none-eabi/lib/thumb/v7-m/nofp\libc_nano.a(lib_a-snprintf.o) (_svfprintf_r)
[...]
Memory Configuration

Name             Origin             Length             Attributes
RAM              0x0000000020000000 0x0000000000005000 xrw
FLASH            0x0000000008000000 0x0000000000010000 xr
*default*        0x0000000000000000 0xffffffffffffffff

Linker script and memory map

LOAD d:/download/stm32cubeide_1.7.0/stm32cubeide/plugins/com.st.stm32cube.ide.mcu.externaltools.gnu-tools-for-stm32.9-2020-q2-update.win32_2.0.0.202105311346/tools/bin/../lib/gcc/arm-none-eabi/9.3.1/thumb/v7-m/nofp/crti.o
LOAD d:/download/stm32cubeide_1.7.0/stm32cubeide/plugins/com.st.stm32cube.ide.mcu.externaltools.gnu-tools-for-stm32.9-2020-q2-update.win32_2.0.0.202105311346/tools/bin/../lib/gcc/arm-none-eabi/9.3.1/thumb/v7-m/nofp/crtbegin.o
LOAD d:/download/stm32cubeide_1.7.0/stm32cubeide/plugins/com.st.stm32cube.ide.mcu.externaltools.gnu-tools-for-stm32.9-2020-q2-update.win32_2.0.0.202105311346/tools/bin/../lib/gcc/arm-none-eabi/9.3.1/../../../../arm-none-eabi/lib/thumb/v7-m/nofp/crt0.o
LOAD ./Core/Src/ADMIN.o
LOAD ./Core/Src/fsm_vm.o
LOAD ./Core/Src/i2c.o
LOAD ./Core/Src/keypad.o
LOAD ./Core/Src/main.o
LOAD ./Core/Src/sensor.o
LOAD ./Core/Src/stm32f1xx_hal_msp.o
LOAD ./Core/Src/stm32f1xx_it.o
LOAD ./Core/Src/store.o
LOAD ./Core/Src/syscalls.o
LOAD ./Core/Src/sysmem.o
LOAD ./Core/Src/system_stm32f1xx.o
LOAD ./Core/Src/timer.o
LOAD ./Core/Src/tv_lcd_i2c.o
LOAD ./Core/Startup/startup_stm32f103c8tx.o
LOAD ./Drivers/STM32F1xx_HAL_Driver/Src/stm32f1xx_hal.o
LOAD ./Drivers/STM32F1xx_HAL_Driver/Src/stm32f1xx_hal_cortex.o
LOAD ./Drivers/STM32F1xx_HAL_Driver/Src/stm32f1xx_hal_dma.o
LOAD ./Drivers/STM32F1xx_HAL_Driver/Src/stm32f1xx_hal_exti.o
LOAD ./Drivers/STM32F1xx_HAL_Driver/Src/stm32f1xx_hal_flash.o
LOAD ./Drivers/STM32F1xx_HAL_Driver/Src/stm32f1xx_hal_flash_ex.o
LOAD ./Drivers/STM32F1xx_HAL_Driver/Src/stm32f1xx_hal_gpio.o
LOAD ./Drivers/STM32F1xx_HAL_Driver/Src/stm32f1xx_hal_gpio_ex.o
LOAD ./Drivers/STM32F1xx_HAL_Driver/Src/stm32f1xx_hal_i2c.o
LOAD ./Drivers/STM32F1xx_HAL_Driver/Src/stm32f1xx_hal_pwr.o
LOAD ./Drivers/STM32F1xx_HAL_Driver/Src/stm32f1xx_hal_rcc.o
LOAD ./Drivers/STM32F1xx_HAL_Driver/Src/stm32f1xx_hal_rcc_ex.o
LOAD ./Drivers/STM32F1xx_HAL_Driver/Src/stm32f1xx_hal_tim.o
LOAD ./Drivers/STM32F1xx_HAL_Driver/Src/stm32f1xx_hal_tim_ex.o
START GROUP
LOAD d:/download/stm32cubeide_1.7.0/stm32cubeide/plugins/com.st.stm32cube.ide.mcu.externaltools.gnu-tools-for-stm32.9-2020-q2-update.win32_2.0.0.202105311346/tools/bin/../lib/gcc/arm-none-eabi/9.3.1/../../../../arm-none-eabi/lib/thumb/v7-m/nofp\libc_nano.a
LOAD d:/download/stm32cubeide_1.7.0/stm32cubeide/plugins/com.st.stm32cube.ide.mcu.externaltools.gnu-tools-for-stm32.9-2020-q2-update.win32_2.0.0.202105311346/tools/bin/../lib/gcc/arm-none-eabi/9.3.1/../../../../arm-none-eabi/lib/thumb/v7-m/nofp\libm.a
END GROUP
START GROUP
LOAD d:/download/stm32cubeide_1.7.0/stm32cubeide/plugins/com.st.stm32cube.ide.mcu.externaltools.gnu-tools-for-stm32.9-2020-q2-update.win32_2.0.0.202105311346/tools/bin/../lib/gcc/arm-none-eabi/9.3.1/thumb/v7-m/nofp\libgcc.a
LOAD d:/download/stm32cubeide_1.7.0/stm32cubeide/plugins/com.st.stm32cube.ide.mcu.externaltools.gnu-tools-for-stm32.9-2020-q2-update.win32_2.0.0.202105311346/tools/bin/../lib/gcc/arm-none-eabi/9.3.1/../../../../arm-none-eabi/lib/thumb/v7-m/nofp\libc_nano.a
END GROUP
START GROUP
LOAD d:/download/stm32cubeide_1.7.0/stm32cubeide/plugins/com.st.stm32cube.ide.mcu.externaltools.gnu-tools-for-stm32.9-2020-q2-update.win32_2.0.0.202105311346/tools/bin/../lib/gcc/arm-none-eabi/9.3.1/thumb/v7-m/nofp\libgcc.a
LOAD d:/download/stm32cubeide_1.7.0/stm32cubeide/plugins/com.st.stm32cube.ide.mcu.externaltools.gnu-tools-for-stm32.9-2020-q2-update.win32_2.0.0.202105311346/tools/bin/../lib/gcc/arm-none-eabi/9.3.1/../../../../arm-none-eabi/lib/thumb/v7-m/nofp\libc_nano.a
LOAD d:/download/stm32cubeide_1.7.0/stm32cubeide/plugins/com.st.stm32cube.ide.mcu.externaltools.gnu-tools-for-stm32.9-2020-q2-update.win32_2.0.0.202105311346/tools/bin/../lib/gcc/arm-none-eabi/9.3.1/../../../../arm-none-eabi/lib/thumb/v7-m/nofp\libnosys.a
END GROUP
START GROUP
LOAD d:/download/stm32cubeide_1.7.0/stm32cubeide/plugins/com.st.stm32cube.ide.mcu.externaltools.gnu-tools-for-stm32.9-2020-q2-update.win32_2.0.0.202105311346/tools/bin/../lib/gcc/arm-none-eabi/9.3.1/thumb/v7-m/nofp\libgcc.a
LOAD d:/download/stm32cubeide_1.7.0/stm32cubeide/plugins/com.st.stm32cube.ide.mcu.externaltools.gnu-tools-for-stm32.9-2020-q2-update.win32_2.0.0.202105311346/tools/bin/../lib/gcc/arm-none-eabi/9.3.1/../../../../arm-none-eabi/lib/thumb/v7-m/nofp\libc_nano.a
LOAD d:/download/stm32cubeide_1.7.0/stm32cubeide/plugins/com.st.stm32cube.ide.mcu.externaltools.gnu-tools-for-stm32.9-2020-q2-update.win32_2.0.0.202105311346/tools/bin/../lib/gcc/arm-none-eabi/9.3.1/../../../../arm-none-eabi/lib/thumb/v7-m/nofp\libnosys.a
END GROUP
LOAD d:/download/stm32cubeide_1.7.0/stm32cubeide/plugins/com.st.stm32cube.ide.mcu.externaltools.gnu-tools-for-stm32.9-2020-q2-update.win32_2.0.0.202105311346/tools/bin/../lib/gcc/arm-none-eabi/9.3.1/thumb/v7-m/nofp/crtend.o
LOAD d:/download/stm32cubeide_1.7.0/stm32cubeide/plugins/com.st.stm32cube.ide.mcu.externaltools.gnu-tools-for-stm32.9-2020-q2-update.win32_2.0.0.202105311346/tools/bin/../lib/gcc/arm-none-eabi/9.3.1/thumb/v7-m/nofp/crtn.o
                0x0000000020005000                _estack = (ORIGIN (RAM) + LENGTH (RAM))
                0x0000000000000200                _Min_Heap_Size = 0x200
                0x0000000000000400                _Min_Stack_Size = 0x400

.isr_vector     0x0000000008000000      0x10c
                0x0000000008000000                . = ALIGN (0x4)
 *(.isr_vector)
 .isr_vector    0x0000000008000000      0x10c ./Core/Startup/startup_stm32f103c8tx.o
                0x0000000008000000                g_pfnVectors
                0x000000000800010c                . = ALIGN (0x4)

.text           0x0000000008000110     0x6068
                0x0000000008000110                . = ALIGN (0x4)
 *(.text)
 .text          0x0000000008000110       0x40 d:/download/stm32cubeide_1.7.0/stm32cubeide/plugins/com.st.stm32cube.ide.mcu.externaltools.gnu-tools-for-stm32.9-2020-q2-update.win32_2.0.0.202105311346/tools/bin/../lib/gcc/arm-none-eabi/9.3.1/thumb/v7-m/nofp/crtbegin.o
 .text          0x0000000008000150       0x14 d:/download/stm32cubeide_1.7.0/stm32cubeide/plugins/com.st.stm32cube.ide.mcu.externaltools.gnu-tools-for-stm32.9-2020-q2-update.win32_2.0.0.202105311346/tools/bin/../lib/gcc/arm-none-eabi/9.3.1/../../../../arm-none-eabi/lib/thumb/v7-m/nofp\libc_nano.a(lib_a-strcmp.o)
                0x0000000008000150                strcmp
 .text          0x0000000008000164       0x10 d:/download/stm32cubeide_1.7.0/stm32cubeide/plugins/com.st.stm32cube.ide.mcu.externaltools.gnu-tools-for-stm32.9-2020-q2-update.win32_2.0.0.202105311346/tools/bin/../lib/gcc/arm-none-eabi/9.3.1/../../../../arm-none-eabi/lib/thumb/v7-m/nofp\libc_nano.a(lib_a-strlen.o)
                0x0000000008000164                strlen
 .text          0x0000000008000174      0x378 d:/download/stm32cubeide_1.7.0/stm32cubeide/plugins/com.st.stm32cube.ide.mcu.externaltools.gnu-tools-for-stm32.9-2020-q2-update.win32_2.0.0.202105311346/tools/bin/../lib/gcc/arm-none-eabi/9.3.1/thumb/v7-m/nofp\libgcc.a(_arm_addsubdf3.o)
                0x0000000008000174                __aeabi_drsub
                0x000000000800017c                __aeabi_dsub
                0x000000000800017c                __subdf3
                0x0000000008000180                __aeabi_dadd
                0x0000000008000180                __adddf3
                0x00000000080003f8                __floatunsidf
                0x00000000080003f8                __aeabi_ui2d
                0x0000000008000418                __floatsidf
                0x0000000008000418                __aeabi_i2d
                0x000000000800043c                __aeabi_f2d
                0x000000000800043c                __extendsfdf2
                0x0000000008000480                __floatundidf
                0x0000000008000480                __aeabi_ul2d
                0x0000000008000490                __floatdidf
                0x0000000008000490                __aeabi_l2d
 .text          0x00000000080004ec      0x424 d:/download/stm32cubeide_1.7.0/stm32cubeide/plugins/com.st.stm32cube.ide.mcu.externaltools.gnu-tools-for-stm32.9-2020-q2-update.win32_2.0.0.202105311346/tools/bin/../lib/gcc/arm-none-eabi/9.3.1/thumb/v7-m/nofp\libgcc.a(_arm_muldivdf3.o)
                0x00000000080004ec                __aeabi_dmul
                0x00000000080004ec                __muldf3
                0x0000000008000740                __divdf3
                0x0000000008000740                __aeabi_ddiv
 .text          0x0000000008000910       0x40 d:/download/stm32cubeide_1.7.0/stm32cubeide/plugins/com.st.stm32cube.ide.mcu.externaltools.gnu-tools-for-stm32.9-2020-q2-update.win32_2.0.0.202105311346/tools/bin/../lib/gcc/arm-none-eabi/9.3.1/thumb/v7-m/nofp\libgcc.a(_arm_fixunsdfsi.o)
                0x0000000008000910                __aeabi_d2uiz
                0x0000000008000910                __fixunsdfsi
 *(.text*)
 .text.admin_log
                0x0000000008000950      0x154 ./Core/Src/ADMIN.o
                0x0000000008000950                admin_log
 .text.is_valid_money
                0x0000000008000aa4       0x90 ./Core/Src/fsm_vm.o
                0x0000000008000aa4                is_valid_money
 .text.display_current_skin
                0x0000000008000b34       0x7c ./Core/Src/fsm_vm.o
                0x0000000008000b34                display_current_skin
 .text.display_skin_detail
                0x0000000008000bb0       0x78 ./Core/Src/fsm_vm.o
                0x0000000008000bb0                display_skin_detail
 .text.display_quantity_screen
                0x0000000008000c28       0x34 ./Core/Src/fsm_vm.o
                0x0000000008000c28                display_quantity_screen
 .text.display_adjust_quantity_and_price
                0x0000000008000c5c       0xb0 ./Core/Src/fsm_vm.o
                0x0000000008000c5c                display_adjust_quantity_and_price
 .text.display_payment_input
                0x0000000008000d0c       0xb0 ./Core/Src/fsm_vm.o
                0x0000000008000d0c                display_payment_input
 .text.fsm_init
                0x0000000008000dbc       0x2c ./Core/Src/fsm_vm.o
                0x0000000008000dbc                fsm_init
 .text.fsm_vm_run
                0x0000000008000de8      0xf60 ./Core/Src/fsm_vm.o
                0x0000000008000de8                fsm_vm_run
 .text.I2C_init
                0x0000000008001d48       0x88 ./Core/Src/i2c.o
                0x0000000008001d48                I2C_init
 .text.SDA_in   0x0000000008001dd0       0x3c ./Core/Src/i2c.o
                0x0000000008001dd0                SDA_in
 .text.I2C_Delay
                0x0000000008001e0c       0x24 ./Core/Src/i2c.o
                0x0000000008001e0c                I2C_Delay
 .text.SDA_out  0x0000000008001e30       0x30 ./Core/Src/i2c.o
                0x0000000008001e30                SDA_out
 .text.I2C_Start
                0x0000000008001e60       0x64 ./Core/Src/i2c.o
                0x0000000008001e60                I2C_Start
 .text.I2C_STOP
                0x0000000008001ec4       0x64 ./Core/Src/i2c.o
                0x0000000008001ec4                I2C_STOP
 .text.I2C_CheckAck
                0x0000000008001f28       0x6c ./Core/Src/i2c.o
                0x0000000008001f28                I2C_CheckAck
 .text.I2C_Write
                0x0000000008001f94       0x8c ./Core/Src/i2c.o
                0x0000000008001f94                I2C_Write
 .text.Keypad_LED_Init
                0x0000000008002020       0xc0 ./Core/Src/keypad.o
                0x0000000008002020                Keypad_LED_Init
 .text.Keypad_Scan
                0x00000000080020e0       0xc0 ./Core/Src/keypad.o
                0x00000000080020e0                Keypad_Scan
 .text.I2C_Check_Any_Device
                0x00000000080021a0       0x44 ./Core/Src/main.o
                0x00000000080021a0                I2C_Check_Any_Device
 .text.I2C_Find_Address
                0x00000000080021e4       0x44 ./Core/Src/main.o
                0x00000000080021e4                I2C_Find_Address
 .text.main     0x0000000008002228       0xdc ./Core/Src/main.o
                0x0000000008002228                main
 .text.SystemClock_Config
                0x0000000008002304       0x8a ./Core/Src/main.o
                0x0000000008002304                SystemClock_Config
 *fill*         0x000000000800238e        0x2 
 .text.MX_I2C1_Init
                0x0000000008002390       0x5c ./Core/Src/main.o
 .text.MX_TIM1_Init
                0x00000000080023ec       0xac ./Core/Src/main.o
 .text.MX_GPIO_Init
                0x0000000008002498       0xdc ./Core/Src/main.o
 .text.Error_Handler
                0x0000000008002574        0xa ./Core/Src/main.o
                0x0000000008002574                Error_Handler
 *fill*         0x000000000800257e        0x2 
 .text.delay_us
                0x0000000008002580       0x30 ./Core/Src/sensor.o
                0x0000000008002580                delay_us
 .text.Sensor_Init
                0x00000000080025b0       0x14 ./Core/Src/sensor.o
                0x00000000080025b0                Sensor_Init
 .text.Sensor_Trigger
                0x00000000080025c4       0x40 ./Core/Src/sensor.o
                0x00000000080025c4                Sensor_Trigger
 *fill*         0x0000000008002604        0x4 
 .text.HAL_TIM_IC_CaptureCallback
                0x0000000008002608      0x140 ./Core/Src/sensor.o
                0x0000000008002608                HAL_TIM_IC_CaptureCallback
 .text.HAL_MspInit
                0x0000000008002748       0x64 ./Core/Src/stm32f1xx_hal_msp.o
                0x0000000008002748                HAL_MspInit
 .text.HAL_I2C_MspInit
                0x00000000080027ac       0x7c ./Core/Src/stm32f1xx_hal_msp.o
                0x00000000080027ac                HAL_I2C_MspInit
 .text.HAL_I2C_MspDeInit
                0x0000000008002828       0x44 ./Core/Src/stm32f1xx_hal_msp.o
                0x0000000008002828                HAL_I2C_MspDeInit
 .text.HAL_TIM_IC_MspInit
                0x000000000800286c       0x90 ./Core/Src/stm32f1xx_hal_msp.o
                0x000000000800286c                HAL_TIM_IC_MspInit
 .text.NMI_Handler
                0x00000000080028fc        0x6 ./Core/Src/stm32f1xx_it.o
                0x00000000080028fc                NMI_Handler
 .text.HardFault_Handler
                0x0000000008002902        0x6 ./Core/Src/stm32f1xx_it.o
                0x0000000008002902                HardFault_Handler
 .text.MemManage_Handler
                0x0000000008002908        0x6 ./Core/Src/stm32f1xx_it.o
                0x0000000008002908                MemManage_Handler
 .text.BusFault_Handler
                0x000000000800290e        0x6 ./Core/Src/stm32f1xx_it.o
                0x000000000800290e                BusFault_Handler
 .text.UsageFault_Handler
                0x0000000008002914        0x6 ./Core/Src/stm32f1xx_it.o
                0x0000000008002914                UsageFault_Handler
 .text.SVC_Handler
                0x000000000800291a        0xc ./Core/Src/stm32f1xx_it.o
                0x000000000800291a                SVC_Handler
 .text.DebugMon_Handler
                0x0000000008002926        0xc ./Core/Src/stm32f1xx_it.o
                0x0000000008002926                DebugMon_Handler
 .text.PendSV_Handler
                0x0000000008002932        0xc ./Core/Src/stm32f1xx_it.o
                0x0000000008002932                PendSV_Handler
 .text.SysTick_Handler
                0x000000000800293e       0x10 ./Core/Src/stm32f1xx_it.o
                0x000000000800293e                SysTick_Handler
 *fill*         0x000000000800294e        0x2 
 .text.TIM1_CC_IRQHandler
                0x0000000008002950       0x14 ./Core/Src/stm32f1xx_it.o
                0x0000000008002950                TIM1_CC_IRQHandler
 *fill*         0x0000000008002964        0x4 
 .text.Store_SaveToFlash
                0x0000000008002968       0x94 ./Core/Src/store.o
                0x0000000008002968                Store_SaveToFlash
 .text.init     0x00000000080029fc      0x244 ./Core/Src/store.o
                0x00000000080029fc                init
 .text.getSkinByID
                0x0000000008002c40       0x38 ./Core/Src/store.o
                0x0000000008002c40                getSkinByID
 .text.updateQuantity
                0x0000000008002c78       0x3a ./Core/Src/store.o
                0x0000000008002c78                updateQuantity
 *fill*         0x0000000008002cb2        0x2 
 .text.updatePrice
                0x0000000008002cb4       0x40 ./Core/Src/store.o
                0x0000000008002cb4                updatePrice
 .text._sbrk    0x0000000008002cf4       0x6c ./Core/Src/sysmem.o
                0x0000000008002cf4                _sbrk
 .text.SystemInit
                0x0000000008002d60        0xc ./Core/Src/system_stm32f1xx.o
                0x0000000008002d60                SystemInit
 .text.setInitTimer
                0x0000000008002d6c       0x28 ./Core/Src/timer.o
                0x0000000008002d6c                setInitTimer
 .text.setWelcomeTimer
                0x0000000008002d94       0x28 ./Core/Src/timer.o
                0x0000000008002d94                setWelcomeTimer
 .text.setTimeoutTimer
                0x0000000008002dbc       0x28 ./Core/Src/timer.o
                0x0000000008002dbc                setTimeoutTimer
 .text.setMessageTimer
                0x0000000008002de4       0x28 ./Core/Src/timer.o
                0x0000000008002de4                setMessageTimer
 .text.timerRun
                0x0000000008002e0c       0xd4 ./Core/Src/timer.o
                0x0000000008002e0c                timerRun
 .text.PCD8574_write
                0x0000000008002ee0       0x3c ./Core/Src/tv_lcd_i2c.o
                0x0000000008002ee0                PCD8574_write
 .text.ledOFF   0x0000000008002f1c       0x24 ./Core/Src/tv_lcd_i2c.o
                0x0000000008002f1c                ledOFF
 .text.ledON    0x0000000008002f40       0x24 ./Core/Src/tv_lcd_i2c.o
                0x0000000008002f40                ledON
 .text.LCD_Enable
                0x0000000008002f64       0x6c ./Core/Src/tv_lcd_i2c.o
                0x0000000008002f64                LCD_Enable
 .text.LCD_Send4Bit
                0x0000000008002fd0       0x98 ./Core/Src/tv_lcd_i2c.o
                0x0000000008002fd0                LCD_Send4Bit
 .text.LCD_Send1Byte
                0x0000000008003068       0x2e ./Core/Src/tv_lcd_i2c.o
                0x0000000008003068                LCD_Send1Byte
 *fill*         0x0000000008003096        0x2 
 .text.lcd_gotoxy
                0x0000000008003098       0x50 ./Core/Src/tv_lcd_i2c.o
                0x0000000008003098                lcd_gotoxy
 .text.lcd_write_string
                0x00000000080030e8       0x60 ./Core/Src/tv_lcd_i2c.o
                0x00000000080030e8                lcd_write_string
 .text.lcd_write_char
                0x0000000008003148       0x50 ./Core/Src/tv_lcd_i2c.o
                0x0000000008003148                lcd_write_char
 .text.lcd_clear
                0x0000000008003198       0x4c ./Core/Src/tv_lcd_i2c.o
                0x0000000008003198                lcd_clear
 .text.lcd_init
                0x00000000080031e4       0x80 ./Core/Src/tv_lcd_i2c.o
                0x00000000080031e4                lcd_init
 .text.lcd_center_text
                0x0000000008003264       0x4a ./Core/Src/tv_lcd_i2c.o
                0x0000000008003264                lcd_center_text
 *fill*         0x00000000080032ae        0x2 
 .text.Reset_Handler
                0x00000000080032b0       0x48 ./Core/Startup/startup_stm32f103c8tx.o
                0x00000000080032b0                Reset_Handler
 .text.Default_Handler
                0x00000000080032f8        0x2 ./Core/Startup/startup_stm32f103c8tx.o
                0x00000000080032f8                RTC_Alarm_IRQHandler
                0x00000000080032f8                EXTI2_IRQHandler
                0x00000000080032f8                PVD_IRQHandler
                0x00000000080032f8                EXTI3_IRQHandler
                0x00000000080032f8                EXTI0_IRQHandler
                0x00000000080032f8                I2C2_EV_IRQHandler
                0x00000000080032f8                ADC1_2_IRQHandler
                0x00000000080032f8                SPI1_IRQHandler
                0x00000000080032f8                TAMPER_IRQHandler
                0x00000000080032f8                DMA1_Channel4_IRQHandler
                0x00000000080032f8                USART3_IRQHandler
                0x00000000080032f8                RTC_IRQHandler
                0x00000000080032f8                DMA1_Channel7_IRQHandler
                0x00000000080032f8                CAN1_RX1_IRQHandler
                0x00000000080032f8                TIM4_IRQHandler
                0x00000000080032f8                I2C1_EV_IRQHandler
                0x00000000080032f8                DMA1_Channel6_IRQHandler
                0x00000000080032f8                TIM3_IRQHandler
                0x00000000080032f8                RCC_IRQHandler
                0x00000000080032f8                TIM1_TRG_COM_IRQHandler
                0x00000000080032f8                DMA1_Channel1_IRQHandler
                0x00000000080032f8                Default_Handler
                0x00000000080032f8                EXTI15_10_IRQHandler
                0x00000000080032f8                EXTI9_5_IRQHandler
                0x00000000080032f8                SPI2_IRQHandler
                0x00000000080032f8                DMA1_Channel5_IRQHandler
                0x00000000080032f8                EXTI4_IRQHandler
                0x00000000080032f8                USB_LP_CAN1_RX0_IRQHandler
                0x00000000080032f8                USB_HP_CAN1_TX_IRQHandler
                0x00000000080032f8                DMA1_Channel3_IRQHandler
                0x00000000080032f8                TIM1_UP_IRQHandler
                0x00000000080032f8                WWDG_IRQHandler
                0x00000000080032f8                TIM2_IRQHandler
                0x00000000080032f8                TIM1_BRK_IRQHandler
                0x00000000080032f8                EXTI1_IRQHandler
                0x00000000080032f8                USART2_IRQHandler
                0x00000000080032f8                I2C2_ER_IRQHandler
                0x00000000080032f8                DMA1_Channel2_IRQHandler
                0x00000000080032f8                CAN1_SCE_IRQHandler
                0x00000000080032f8                FLASH_IRQHandler
                0x00000000080032f8                USART1_IRQHandler
                0x00000000080032f8                I2C1_ER_IRQHandler
                0x00000000080032f8                USBWakeUp_IRQHandler
 *fill*         0x00000000080032fa        0x2 
 .text.HAL_Init
                0x00000000080032fc       0x2c ./Drivers/STM32F1xx_HAL_Driver/Src/stm32f1xx_hal.o
                0x00000000080032fc                HAL_Init
 .text.HAL_InitTick
                0x0000000008003328       0x60 ./Drivers/STM32F1xx_HAL_Driver/Src/stm32f1xx_hal.o
                0x0000000008003328                HAL_InitTick
 .text.HAL_IncTick
                0x0000000008003388       0x24 ./Drivers/STM32F1xx_HAL_Driver/Src/stm32f1xx_hal.o
                0x0000000008003388                HAL_IncTick
 .text.HAL_GetTick
                0x00000000080033ac       0x14 ./Drivers/STM32F1xx_HAL_Driver/Src/stm32f1xx_hal.o
                0x00000000080033ac                HAL_GetTick
 .text.HAL_Delay
                0x00000000080033c0       0x48 ./Drivers/STM32F1xx_HAL_Driver/Src/stm32f1xx_hal.o
                0x00000000080033c0                HAL_Delay
 .text.__NVIC_SetPriorityGrouping
                0x0000000008003408       0x48 ./Drivers/STM32F1xx_HAL_Driver/Src/stm32f1xx_hal_cortex.o
 .text.__NVIC_GetPriorityGrouping
                0x0000000008003450       0x1c ./Drivers/STM32F1xx_HAL_Driver/Src/stm32f1xx_hal_cortex.o
 .text.__NVIC_EnableIRQ
                0x000000000800346c       0x38 ./Drivers/STM32F1xx_HAL_Driver/Src/stm32f1xx_hal_cortex.o
 .text.__NVIC_SetPriority
                0x00000000080034a4       0x54 ./Drivers/STM32F1xx_HAL_Driver/Src/stm32f1xx_hal_cortex.o
 .text.NVIC_EncodePriority
                0x00000000080034f8       0x64 ./Drivers/STM32F1xx_HAL_Driver/Src/stm32f1xx_hal_cortex.o
 .text.SysTick_Config
                0x000000000800355c       0x44 ./Drivers/STM32F1xx_HAL_Driver/Src/stm32f1xx_hal_cortex.o
 .text.HAL_NVIC_SetPriorityGrouping
                0x00000000080035a0       0x16 ./Drivers/STM32F1xx_HAL_Driver/Src/stm32f1xx_hal_cortex.o
                0x00000000080035a0                HAL_NVIC_SetPriorityGrouping
 .text.HAL_NVIC_SetPriority
                0x00000000080035b6       0x38 ./Drivers/STM32F1xx_HAL_Driver/Src/stm32f1xx_hal_cortex.o
                0x00000000080035b6                HAL_NVIC_SetPriority
 .text.HAL_NVIC_EnableIRQ
                0x00000000080035ee       0x1c ./Drivers/STM32F1xx_HAL_Driver/Src/stm32f1xx_hal_cortex.o
                0x00000000080035ee                HAL_NVIC_EnableIRQ
 .text.HAL_SYSTICK_Config
                0x000000000800360a       0x18 ./Drivers/STM32F1xx_HAL_Driver/Src/stm32f1xx_hal_cortex.o
                0x000000000800360a                HAL_SYSTICK_Config
 *fill*         0x0000000008003622        0x2 
 .text.HAL_FLASH_Program
                0x0000000008003624       0xe0 ./Drivers/STM32F1xx_HAL_Driver/Src/stm32f1xx_hal_flash.o
                0x0000000008003624                HAL_FLASH_Program
 .text.HAL_FLASH_Unlock
                0x0000000008003704       0x4c ./Drivers/STM32F1xx_HAL_Driver/Src/stm32f1xx_hal_flash.o
                0x0000000008003704                HAL_FLASH_Unlock
 .text.HAL_FLASH_Lock
                0x0000000008003750       0x20 ./Drivers/STM32F1xx_HAL_Driver/Src/stm32f1xx_hal_flash.o
                0x0000000008003750                HAL_FLASH_Lock
 .text.FLASH_Program_HalfWord
                0x0000000008003770       0x38 ./Drivers/STM32F1xx_HAL_Driver/Src/stm32f1xx_hal_flash.o
 .text.FLASH_WaitForLastOperation
                0x00000000080037a8       0x8c ./Drivers/STM32F1xx_HAL_Driver/Src/stm32f1xx_hal_flash.o
                0x00000000080037a8                FLASH_WaitForLastOperation
 .text.FLASH_SetErrorCode
                0x0000000008003834       0xa0 ./Drivers/STM32F1xx_HAL_Driver/Src/stm32f1xx_hal_flash.o
 .text.HAL_FLASHEx_Erase
                0x00000000080038d4       0xd8 ./Drivers/STM32F1xx_HAL_Driver/Src/stm32f1xx_hal_flash_ex.o
                0x00000000080038d4                HAL_FLASHEx_Erase
 .text.FLASH_MassErase
                0x00000000080039ac       0x38 ./Drivers/STM32F1xx_HAL_Driver/Src/stm32f1xx_hal_flash_ex.o
 .text.FLASH_PageErase
                0x00000000080039e4       0x40 ./Drivers/STM32F1xx_HAL_Driver/Src/stm32f1xx_hal_flash_ex.o
                0x00000000080039e4                FLASH_PageErase
 .text.HAL_GPIO_Init
                0x0000000008003a24      0x308 ./Drivers/STM32F1xx_HAL_Driver/Src/stm32f1xx_hal_gpio.o
                0x0000000008003a24                HAL_GPIO_Init
 .text.HAL_GPIO_DeInit
                0x0000000008003d2c      0x178 ./Drivers/STM32F1xx_HAL_Driver/Src/stm32f1xx_hal_gpio.o
                0x0000000008003d2c                HAL_GPIO_DeInit
 .text.HAL_GPIO_ReadPin
                0x0000000008003ea4       0x2e ./Drivers/STM32F1xx_HAL_Driver/Src/stm32f1xx_hal_gpio.o
                0x0000000008003ea4                HAL_GPIO_ReadPin
 .text.HAL_GPIO_WritePin
                0x0000000008003ed2       0x30 ./Drivers/STM32F1xx_HAL_Driver/Src/stm32f1xx_hal_gpio.o
                0x0000000008003ed2                HAL_GPIO_WritePin
 .text.HAL_GPIO_TogglePin
                0x0000000008003f02       0x32 ./Drivers/STM32F1xx_HAL_Driver/Src/stm32f1xx_hal_gpio.o
                0x0000000008003f02                HAL_GPIO_TogglePin
 .text.HAL_I2C_Init
                0x0000000008003f34      0x288 ./Drivers/STM32F1xx_HAL_Driver/Src/stm32f1xx_hal_i2c.o
                0x0000000008003f34                HAL_I2C_Init
 .text.HAL_I2C_DeInit
                0x00000000080041bc       0x5e ./Drivers/STM32F1xx_HAL_Driver/Src/stm32f1xx_hal_i2c.o
                0x00000000080041bc                HAL_I2C_DeInit
 *fill*         0x000000000800421a        0x2 
 .text.HAL_I2C_IsDeviceReady
                0x000000000800421c      0x25c ./Drivers/STM32F1xx_HAL_Driver/Src/stm32f1xx_hal_i2c.o
                0x000000000800421c                HAL_I2C_IsDeviceReady
 .text.I2C_WaitOnFlagUntilTimeout
                0x0000000008004478       0xf4 ./Drivers/STM32F1xx_HAL_Driver/Src/stm32f1xx_hal_i2c.o
 .text.HAL_RCC_OscConfig
                0x000000000800456c      0x500 ./Drivers/STM32F1xx_HAL_Driver/Src/stm32f1xx_hal_rcc.o
                0x000000000800456c                HAL_RCC_OscConfig
 .text.HAL_RCC_ClockConfig
                0x0000000008004a6c      0x1d4 ./Drivers/STM32F1xx_HAL_Driver/Src/stm32f1xx_hal_rcc.o
                0x0000000008004a6c                HAL_RCC_ClockConfig
 .text.HAL_RCC_GetSysClockFreq
                0x0000000008004c40       0xa8 ./Drivers/STM32F1xx_HAL_Driver/Src/stm32f1xx_hal_rcc.o
                0x0000000008004c40                HAL_RCC_GetSysClockFreq
 .text.HAL_RCC_GetHCLKFreq
                0x0000000008004ce8       0x14 ./Drivers/STM32F1xx_HAL_Driver/Src/stm32f1xx_hal_rcc.o
                0x0000000008004ce8                HAL_RCC_GetHCLKFreq
 .text.HAL_RCC_GetPCLK1Freq
                0x0000000008004cfc       0x28 ./Drivers/STM32F1xx_HAL_Driver/Src/stm32f1xx_hal_rcc.o
                0x0000000008004cfc                HAL_RCC_GetPCLK1Freq
 .text.RCC_Delay
                0x0000000008004d24       0x3c ./Drivers/STM32F1xx_HAL_Driver/Src/stm32f1xx_hal_rcc.o
 .text.HAL_TIM_IC_Init
                0x0000000008004d60       0x9e ./Drivers/STM32F1xx_HAL_Driver/Src/stm32f1xx_hal_tim.o
                0x0000000008004d60                HAL_TIM_IC_Init
 *fill*         0x0000000008004dfe        0x2 
 .text.HAL_TIM_IC_Start_IT
                0x0000000008004e00      0x218 ./Drivers/STM32F1xx_HAL_Driver/Src/stm32f1xx_hal_tim.o
                0x0000000008004e00                HAL_TIM_IC_Start_IT
 .text.HAL_TIM_IRQHandler
                0x0000000008005018      0x1e0 ./Drivers/STM32F1xx_HAL_Driver/Src/stm32f1xx_hal_tim.o
                0x0000000008005018                HAL_TIM_IRQHandler
 .text.HAL_TIM_IC_ConfigChannel
                0x00000000080051f8      0x138 ./Drivers/STM32F1xx_HAL_Driver/Src/stm32f1xx_hal_tim.o
                0x00000000080051f8                HAL_TIM_IC_ConfigChannel
 .text.HAL_TIM_ReadCapturedValue
                0x0000000008005330       0x88 ./Drivers/STM32F1xx_HAL_Driver/Src/stm32f1xx_hal_tim.o
                0x0000000008005330                HAL_TIM_ReadCapturedValue
 .text.HAL_TIM_PeriodElapsedCallback
                0x00000000080053b8       0x12 ./Drivers/STM32F1xx_HAL_Driver/Src/stm32f1xx_hal_tim.o
                0x00000000080053b8                HAL_TIM_PeriodElapsedCallback
 .text.HAL_TIM_OC_DelayElapsedCallback
                0x00000000080053ca       0x12 ./Drivers/STM32F1xx_HAL_Driver/Src/stm32f1xx_hal_tim.o
                0x00000000080053ca                HAL_TIM_OC_DelayElapsedCallback
 .text.HAL_TIM_PWM_PulseFinishedCallback
                0x00000000080053dc       0x12 ./Drivers/STM32F1xx_HAL_Driver/Src/stm32f1xx_hal_tim.o
                0x00000000080053dc                HAL_TIM_PWM_PulseFinishedCallback
 .text.HAL_TIM_TriggerCallback
                0x00000000080053ee       0x12 ./Drivers/STM32F1xx_HAL_Driver/Src/stm32f1xx_hal_tim.o
                0x00000000080053ee                HAL_TIM_TriggerCallback
 .text.TIM_Base_SetConfig
                0x0000000008005400       0xdc ./Drivers/STM32F1xx_HAL_Driver/Src/stm32f1xx_hal_tim.o
                0x0000000008005400                TIM_Base_SetConfig
 .text.TIM_TI1_SetConfig
                0x00000000080054dc       0xb4 ./Drivers/STM32F1xx_HAL_Driver/Src/stm32f1xx_hal_tim.o
                0x00000000080054dc                TIM_TI1_SetConfig
 .text.TIM_TI2_SetConfig
                0x0000000008005590       0x78 ./Drivers/STM32F1xx_HAL_Driver/Src/stm32f1xx_hal_tim.o
 .text.TIM_TI3_SetConfig
                0x0000000008005608       0x76 ./Drivers/STM32F1xx_HAL_Driver/Src/stm32f1xx_hal_tim.o
 .text.TIM_TI4_SetConfig
                0x000000000800567e       0x78 ./Drivers/STM32F1xx_HAL_Driver/Src/stm32f1xx_hal_tim.o
 .text.TIM_CCxChannelCmd
                0x00000000080056f6       0x48 ./Drivers/STM32F1xx_HAL_Driver/Src/stm32f1xx_hal_tim.o
                0x00000000080056f6                TIM_CCxChannelCmd
 *fill*         0x000000000800573e        0x2 
 .text.HAL_TIMEx_MasterConfigSynchronization
                0x0000000008005740       0xbc ./Drivers/STM32F1xx_HAL_Driver/Src/stm32f1xx_hal_tim_ex.o
                0x0000000008005740                HAL_TIMEx_MasterConfigSynchronization
 .text.HAL_TIMEx_CommutCallback
                0x00000000080057fc       0x12 ./Drivers/STM32F1xx_HAL_Driver/Src/stm32f1xx_hal_tim_ex.o
                0x00000000080057fc                HAL_TIMEx_CommutCallback
 .text.HAL_TIMEx_BreakCallback
                0x000000000800580e       0x12 ./Drivers/STM32F1xx_HAL_Driver/Src/stm32f1xx_hal_tim_ex.o
                0x000000000800580e                HAL_TIMEx_BreakCallback
 .text.__errno  0x0000000008005820        0xc d:/download/stm32cubeide_1.7.0/stm32cubeide/plugins/com.st.stm32cube.ide.mcu.externaltools.gnu-tools-for-stm32.9-2020-q2-update.win32_2.0.0.202105311346/tools/bin/../lib/gcc/arm-none-eabi/9.3.1/../../../../arm-none-eabi/lib/thumb/v7-m/nofp\libc_nano.a(lib_a-errno.o)
                0x0000000008005820                __errno
 .text.__libc_init_array
                0x000000000800582c       0x48 d:/download/stm32cubeide_1.7.0/stm32cubeide/plugins/com.st.stm32cube.ide.mcu.externaltools.gnu-tools-for-stm32.9-2020-q2-update.win32_2.0.0.202105311346/tools/bin/../lib/gcc/arm-none-eabi/9.3.1/../../../../arm-none-eabi/lib/thumb/v7-m/nofp\libc_nano.a(lib_a-init.o)
                0x000000000800582c                __libc_init_array
 .text.memcpy   0x0000000008005874       0x1c d:/download/stm32cubeide_1.7.0/stm32cubeide/plugins/com.st.stm32cube.ide.mcu.externaltools.gnu-tools-for-stm32.9-2020-q2-update.win32_2.0.0.202105311346/tools/bin/../lib/gcc/arm-none-eabi/9.3.1/../../../../arm-none-eabi/lib/thumb/v7-m/nofp\libc_nano.a(lib_a-memcpy-stub.o)
                0x0000000008005874                memcpy
 .text.memset   0x0000000008005890       0x10 d:/download/stm32cubeide_1.7.0/stm32cubeide/plugins/com.st.stm32cube.ide.mcu.externaltools.gnu-tools-for-stm32.9-2020-q2-update.win32_2.0.0.202105311346/tools/bin/../lib/gcc/arm-none-eabi/9.3.1/../../../../arm-none-eabi/lib/thumb/v7-m/nofp\libc_nano.a(lib_a-memset.o)
                0x0000000008005890                memset
 .text.snprintf
                0x00000000080058a0       0x68 d:/download/stm32cubeide_1.7.0/stm32cubeide/plugins/com.st.stm32cube.ide.mcu.externaltools.gnu-tools-for-stm32.9-2020-q2-update.win32_2.0.0.202105311346/tools/bin/../lib/gcc/arm-none-eabi/9.3.1/../../../../arm-none-eabi/lib/thumb/v7-m/nofp\libc_nano.a(lib_a-snprintf.o)
                0x00000000080058a0                sniprintf
                0x00000000080058a0                snprintf
 .text.sprintf  0x0000000008005908       0x40 d:/download/stm32cubeide_1.7.0/stm32cubeide/plugins/com.st.stm32cube.ide.mcu.externaltools.gnu-tools-for-stm32.9-2020-q2-update.win32_2.0.0.202105311346/tools/bin/../lib/gcc/arm-none-eabi/9.3.1/../../../../arm-none-eabi/lib/thumb/v7-m/nofp\libc_nano.a(lib_a-sprintf.o)
                0x0000000008005908                siprintf
                0x0000000008005908                sprintf
 .text.__ssputs_r
                0x0000000008005948       0xb6 d:/download/stm32cubeide_1.7.0/stm32cubeide/plugins/com.st.stm32cube.ide.mcu.externaltools.gnu-tools-for-stm32.9-2020-q2-update.win32_2.0.0.202105311346/tools/bin/../lib/gcc/arm-none-eabi/9.3.1/../../../../arm-none-eabi/lib/thumb/v7-m/nofp\libc_nano.a(lib_a-nano-svfprintf.o)
                0x0000000008005948                __ssputs_r
 *fill*         0x00000000080059fe        0x2 
 .text._svfprintf_r
                0x0000000008005a00      0x200 d:/download/stm32cubeide_1.7.0/stm32cubeide/plugins/com.st.stm32cube.ide.mcu.externaltools.gnu-tools-for-stm32.9-2020-q2-update.win32_2.0.0.202105311346/tools/bin/../lib/gcc/arm-none-eabi/9.3.1/../../../../arm-none-eabi/lib/thumb/v7-m/nofp\libc_nano.a(lib_a-nano-svfprintf.o)
                0x0000000008005a00                _svfiprintf_r
                0x0000000008005a00                _svfprintf_r
 .text._printf_common
                0x0000000008005c00       0xde d:/download/stm32cubeide_1.7.0/stm32cubeide/plugins/com.st.stm32cube.ide.mcu.externaltools.gnu-tools-for-stm32.9-2020-q2-update.win32_2.0.0.202105311346/tools/bin/../lib/gcc/arm-none-eabi/9.3.1/../../../../arm-none-eabi/lib/thumb/v7-m/nofp\libc_nano.a(lib_a-nano-vfprintf_i.o)
                0x0000000008005c00                _printf_common
 *fill*         0x0000000008005cde        0x2 
 .text._printf_i
                0x0000000008005ce0      0x24c d:/download/stm32cubeide_1.7.0/stm32cubeide/plugins/com.st.stm32cube.ide.mcu.externaltools.gnu-tools-for-stm32.9-2020-q2-update.win32_2.0.0.202105311346/tools/bin/../lib/gcc/arm-none-eabi/9.3.1/../../../../arm-none-eabi/lib/thumb/v7-m/nofp\libc_nano.a(lib_a-nano-vfprintf_i.o)
                0x0000000008005ce0                _printf_i
 .text.memchr   0x0000000008005f2c       0x1c d:/download/stm32cubeide_1.7.0/stm32cubeide/plugins/com.st.stm32cube.ide.mcu.externaltools.gnu-tools-for-stm32.9-2020-q2-update.win32_2.0.0.202105311346/tools/bin/../lib/gcc/arm-none-eabi/9.3.1/../../../../arm-none-eabi/lib/thumb/v7-m/nofp\libc_nano.a(lib_a-memchr-stub.o)
                0x0000000008005f2c                memchr
 .text.memmove  0x0000000008005f48       0x34 d:/download/stm32cubeide_1.7.0/stm32cubeide/plugins/com.st.stm32cube.ide.mcu.externaltools.gnu-tools-for-stm32.9-2020-q2-update.win32_2.0.0.202105311346/tools/bin/../lib/gcc/arm-none-eabi/9.3.1/../../../../arm-none-eabi/lib/thumb/v7-m/nofp\libc_nano.a(lib_a-memmove.o)
                0x0000000008005f48                memmove
 .text._free_r  0x0000000008005f7c       0x98 d:/download/stm32cubeide_1.7.0/stm32cubeide/plugins/com.st.stm32cube.ide.mcu.externaltools.gnu-tools-for-stm32.9-2020-q2-update.win32_2.0.0.202105311346/tools/bin/../lib/gcc/arm-none-eabi/9.3.1/../../../../arm-none-eabi/lib/thumb/v7-m/nofp\libc_nano.a(lib_a-nano-freer.o)
                0x0000000008005f7c                _free_r
 .text._malloc_r
                0x0000000008006014       0xb4 d:/download/stm32cubeide_1.7.0/stm32cubeide/plugins/com.st.stm32cube.ide.mcu.externaltools.gnu-tools-for-stm32.9-2020-q2-update.win32_2.0.0.202105311346/tools/bin/../lib/gcc/arm-none-eabi/9.3.1/../../../../arm-none-eabi/lib/thumb/v7-m/nofp\libc_nano.a(lib_a-nano-mallocr.o)
                0x0000000008006014                _malloc_r
 .text._realloc_r
                0x00000000080060c8       0x4c d:/download/stm32cubeide_1.7.0/stm32cubeide/plugins/com.st.stm32cube.ide.mcu.externaltools.gnu-tools-for-stm32.9-2020-q2-update.win32_2.0.0.202105311346/tools/bin/../lib/gcc/arm-none-eabi/9.3.1/../../../../arm-none-eabi/lib/thumb/v7-m/nofp\libc_nano.a(lib_a-nano-reallocr.o)
                0x00000000080060c8                _realloc_r
 .text._sbrk_r  0x0000000008006114       0x20 d:/download/stm32cubeide_1.7.0/stm32cubeide/plugins/com.st.stm32cube.ide.mcu.externaltools.gnu-tools-for-stm32.9-2020-q2-update.win32_2.0.0.202105311346/tools/bin/../lib/gcc/arm-none-eabi/9.3.1/../../../../arm-none-eabi/lib/thumb/v7-m/nofp\libc_nano.a(lib_a-sbrkr.o)
                0x0000000008006114                _sbrk_r
 .text.__malloc_lock
                0x0000000008006134        0xc d:/download/stm32cubeide_1.7.0/stm32cubeide/plugins/com.st.stm32cube.ide.mcu.externaltools.gnu-tools-for-stm32.9-2020-q2-update.win32_2.0.0.202105311346/tools/bin/../lib/gcc/arm-none-eabi/9.3.1/../../../../arm-none-eabi/lib/thumb/v7-m/nofp\libc_nano.a(lib_a-mlock.o)
                0x0000000008006134                __malloc_lock
 .text.__malloc_unlock
                0x0000000008006140        0xc d:/download/stm32cubeide_1.7.0/stm32cubeide/plugins/com.st.stm32cube.ide.mcu.externaltools.gnu-tools-for-stm32.9-2020-q2-update.win32_2.0.0.202105311346/tools/bin/../lib/gcc/arm-none-eabi/9.3.1/../../../../arm-none-eabi/lib/thumb/v7-m/nofp\libc_nano.a(lib_a-mlock.o)
                0x0000000008006140                __malloc_unlock
 .text._malloc_usable_size_r
                0x000000000800614c       0x10 d:/download/stm32cubeide_1.7.0/stm32cubeide/plugins/com.st.stm32cube.ide.mcu.externaltools.gnu-tools-for-stm32.9-2020-q2-update.win32_2.0.0.202105311346/tools/bin/../lib/gcc/arm-none-eabi/9.3.1/../../../../arm-none-eabi/lib/thumb/v7-m/nofp\libc_nano.a(lib_a-nano-msizer.o)
                0x000000000800614c                _malloc_usable_size_r
 .text.__retarget_lock_acquire_recursive
                0x000000000800615c        0x2 d:/download/stm32cubeide_1.7.0/stm32cubeide/plugins/com.st.stm32cube.ide.mcu.externaltools.gnu-tools-for-stm32.9-2020-q2-update.win32_2.0.0.202105311346/tools/bin/../lib/gcc/arm-none-eabi/9.3.1/../../../../arm-none-eabi/lib/thumb/v7-m/nofp\libc_nano.a(lib_a-lock.o)
                0x000000000800615c                __retarget_lock_acquire_recursive
 .text.__retarget_lock_release_recursive
                0x000000000800615e        0x2 d:/download/stm32cubeide_1.7.0/stm32cubeide/plugins/com.st.stm32cube.ide.mcu.externaltools.gnu-tools-for-stm32.9-2020-q2-update.win32_2.0.0.202105311346/tools/bin/../lib/gcc/arm-none-eabi/9.3.1/../../../../arm-none-eabi/lib/thumb/v7-m/nofp\libc_nano.a(lib_a-lock.o)
                0x000000000800615e                __retarget_lock_release_recursive
 *(.glue_7)
 .glue_7        0x0000000008006160        0x0 linker stubs
 *(.glue_7t)
 .glue_7t       0x0000000008006160        0x0 linker stubs
 *(.eh_frame)
 .eh_frame      0x0000000008006160        0x0 d:/download/stm32cubeide_1.7.0/stm32cubeide/plugins/com.st.stm32cube.ide.mcu.externaltools.gnu-tools-for-stm32.9-2020-q2-update.win32_2.0.0.202105311346/tools/bin/../lib/gcc/arm-none-eabi/9.3.1/thumb/v7-m/nofp/crtbegin.o
 *(.init)
 .init          0x0000000008006160        0x4 d:/download/stm32cubeide_1.7.0/stm32cubeide/plugins/com.st.stm32cube.ide.mcu.externaltools.gnu-tools-for-stm32.9-2020-q2-update.win32_2.0.0.202105311346/tools/bin/../lib/gcc/arm-none-eabi/9.3.1/thumb/v7-m/nofp/crti.o
                0x0000000008006160                _init
 .init          0x0000000008006164        0x8 d:/download/stm32cubeide_1.7.0/stm32cubeide/plugins/com.st.stm32cube.ide.mcu.externaltools.gnu-tools-for-stm32.9-2020-q2-update.win32_2.0.0.202105311346/tools/bin/../lib/gcc/arm-none-eabi/9.3.1/thumb/v7-m/nofp/crtn.o
 *(.fini)
 .fini          0x000000000800616c        0x4 d:/download/stm32cubeide_1.7.0/stm32cubeide/plugins/com.st.stm32cube.ide.mcu.externaltools.gnu-tools-for-stm32.9-2020-q2-update.win32_2.0.0.202105311346/tools/bin/../lib/gcc/arm-none-eabi/9.3.1/thumb/v7-m/nofp/crti.o
                0x000000000800616c                _fini
 .fini          0x0000000008006170        0x8 d:/download/stm32cubeide_1.7.0/stm32cubeide/plugins/com.st.stm32cube.ide.mcu.externaltools.gnu-tools-for-stm32.9-2020-q2-update.win32_2.0.0.202105311346/tools/bin/../lib/gcc/arm-none-eabi/9.3.1/thumb/v7-m/nofp/crtn.o
                0x0000000008006178                . = ALIGN (0x4)
                0x0000000008006178                _etext = .

.vfp11_veneer   0x0000000008006178        0x0
 .vfp11_veneer  0x0000000008006178        0x0 linker stubs

.v4_bx          0x0000000008006178        0x0
 .v4_bx         0x0000000008006178        0x0 linker stubs

.iplt           0x0000000008006178        0x0
 .iplt          0x0000000008006178        0x0 d:/download/stm32cubeide_1.7.0/stm32cubeide/plugins/com.st.stm32cube.ide.mcu.externaltools.gnu-tools-for-stm32.9-2020-q2-update.win32_2.0.0.202105311346/tools/bin/../lib/gcc/arm-none-eabi/9.3.1/thumb/v7-m/nofp/crtbegin.o

.rodata         0x0000000008006178      0x5e4
                0x0000000008006178                . = ALIGN (0x4)
 *(.rodata)
 .rodata        0x0000000008006178       0x1c ./Core/Src/ADMIN.o
 .rodata        0x0000000008006194      0x257 ./Core/Src/fsm_vm.o
 *fill*         0x00000000080063eb        0x1 
 .rodata        0x00000000080063ec      0x2c0 ./Core/Src/store.o
 .rodata        0x00000000080066ac       0x25 ./Core/Src/tv_lcd_i2c.o
 *(.rodata*)
 *fill*         0x00000000080066d1        0x3 
 .rodata.password
                0x00000000080066d4        0x7 ./Core/Src/ADMIN.o
                0x00000000080066d4                password
 *fill*         0x00000000080066db        0x1 
 .rodata.keymap
                0x00000000080066dc       0x10 ./Core/Src/keypad.o
 .rodata.row_pins
                0x00000000080066ec        0x8 ./Core/Src/keypad.o
 .rodata.col_pins
                0x00000000080066f4        0x8 ./Core/Src/keypad.o
 .rodata.AHBPrescTable
                0x00000000080066fc       0x10 ./Core/Src/system_stm32f1xx.o
                0x00000000080066fc                AHBPrescTable
 .rodata.APBPrescTable
                0x000000000800670c        0x8 ./Core/Src/system_stm32f1xx.o
                0x000000000800670c                APBPrescTable
 .rodata.aPLLMULFactorTable.6283
                0x0000000008006714       0x10 ./Drivers/STM32F1xx_HAL_Driver/Src/stm32f1xx_hal_rcc.o
 .rodata.aPredivFactorTable.6284
                0x0000000008006724        0x2 ./Drivers/STM32F1xx_HAL_Driver/Src/stm32f1xx_hal_rcc.o
 .rodata._svfprintf_r.str1.1
                0x0000000008006726       0x11 d:/download/stm32cubeide_1.7.0/stm32cubeide/plugins/com.st.stm32cube.ide.mcu.externaltools.gnu-tools-for-stm32.9-2020-q2-update.win32_2.0.0.202105311346/tools/bin/../lib/gcc/arm-none-eabi/9.3.1/../../../../arm-none-eabi/lib/thumb/v7-m/nofp\libc_nano.a(lib_a-nano-svfprintf.o)
 .rodata._printf_i.str1.1
                0x0000000008006737       0x22 d:/download/stm32cubeide_1.7.0/stm32cubeide/plugins/com.st.stm32cube.ide.mcu.externaltools.gnu-tools-for-stm32.9-2020-q2-update.win32_2.0.0.202105311346/tools/bin/../lib/gcc/arm-none-eabi/9.3.1/../../../../arm-none-eabi/lib/thumb/v7-m/nofp\libc_nano.a(lib_a-nano-vfprintf_i.o)
                0x000000000800675c                . = ALIGN (0x4)
 *fill*         0x0000000008006759        0x3 

.rel.dyn        0x000000000800675c        0x0
 .rel.iplt      0x000000000800675c        0x0 d:/download/stm32cubeide_1.7.0/stm32cubeide/plugins/com.st.stm32cube.ide.mcu.externaltools.gnu-tools-for-stm32.9-2020-q2-update.win32_2.0.0.202105311346/tools/bin/../lib/gcc/arm-none-eabi/9.3.1/thumb/v7-m/nofp/crtbegin.o

.ARM.extab      0x000000000800675c        0x0
                0x000000000800675c                . = ALIGN (0x4)
 *(.ARM.extab* .gnu.linkonce.armextab.*)
                0x000000000800675c                . = ALIGN (0x4)

.ARM            0x000000000800675c        0x0
                0x000000000800675c                . = ALIGN (0x4)
                0x000000000800675c                __exidx_start = .
 *(.ARM.exidx*)
                0x000000000800675c                __exidx_end = .
                0x000000000800675c                . = ALIGN (0x4)

.preinit_array  0x000000000800675c        0x0
                0x000000000800675c                . = ALIGN (0x4)
                0x000000000800675c                PROVIDE (__preinit_array_start = .)
 *(.preinit_array*)
                0x000000000800675c                PROVIDE (__preinit_array_end = .)
                0x000000000800675c                . = ALIGN (0x4)

.init_array     0x000000000800675c        0x4
                0x000000000800675c                . = ALIGN (0x4)
                0x000000000800675c                PROVIDE (__init_array_start = .)
 *(SORT_BY_NAME(.init_array.*))
 *(.init_array*)
 .init_array    0x000000000800675c        0x4 d:/download/stm32cubeide_1.7.0/stm32cubeide/plugins/com.st.stm32cube.ide.mcu.externaltools.gnu-tools-for-stm32.9-2020-q2-update.win32_2.0.0.202105311346/tools/bin/../lib/gcc/arm-none-eabi/9.3.1/thumb/v7-m/nofp/crtbegin.o
                0x0000000008006760                PROVIDE (__init_array_end = .)
                0x0000000008006760                . = ALIGN (0x4)

.fini_array     0x0000000008006760        0x4
                0x0000000008006760                . = ALIGN (0x4)
                [!provide]                        PROVIDE (__fini_array_start = .)
 *(SORT_BY_NAME(.fini_array.*))
 *(.fini_array*)
 .fini_array    0x0000000008006760        0x4 d:/download/stm32cubeide_1.7.0/stm32cubeide/plugins/com.st.stm32cube.ide.mcu.externaltools.gnu-tools-for-stm32.9-2020-q2-update.win32_2.0.0.202105311346/tools/bin/../lib/gcc/arm-none-eabi/9.3.1/thumb/v7-m/nofp/crtbegin.o
                [!provide]                        PROVIDE (__fini_array_end = .)
                0x0000000008006764                . = ALIGN (0x4)
                0x0000000008006764                _sidata = LOADADDR (.data)

.data           0x0000000020000000       0x7c load address 0x0000000008006764
                0x0000000020000000                . = ALIGN (0x4)
                0x0000000020000000                _sdata = .
 *(.data)
 *(.data*)
 .data.status   0x0000000020000000        0x4 ./Core/Src/fsm_vm.o
                0x0000000020000000                status
 .data.current_id
                0x0000000020000004        0x1 ./Core/Src/fsm_vm.o
                0x0000000020000004                current_id
 *fill*         0x0000000020000005        0x3 
 .data.SystemCoreClock
                0x0000000020000008        0x4 ./Core/Src/system_stm32f1xx.o
                0x0000000020000008                SystemCoreClock
 .data.data_MASK
                0x000000002000000c        0x1 ./Core/Src/tv_lcd_i2c.o
                0x000000002000000c                data_MASK
 *fill*         0x000000002000000d        0x3 
 .data.uwTickPrio
                0x0000000020000010        0x4 ./Drivers/STM32F1xx_HAL_Driver/Src/stm32f1xx_hal.o
                0x0000000020000010                uwTickPrio
 .data.uwTickFreq
                0x0000000020000014        0x1 ./Drivers/STM32F1xx_HAL_Driver/Src/stm32f1xx_hal.o
                0x0000000020000014                uwTickFreq
 *fill*         0x0000000020000015        0x3 
 .data._impure_ptr
                0x0000000020000018        0x4 d:/download/stm32cubeide_1.7.0/stm32cubeide/plugins/com.st.stm32cube.ide.mcu.externaltools.gnu-tools-for-stm32.9-2020-q2-update.win32_2.0.0.202105311346/tools/bin/../lib/gcc/arm-none-eabi/9.3.1/../../../../arm-none-eabi/lib/thumb/v7-m/nofp\libc_nano.a(lib_a-impure.o)
                0x0000000020000018                _impure_ptr
 .data.impure_data
                0x000000002000001c       0x60 d:/download/stm32cubeide_1.7.0/stm32cubeide/plugins/com.st.stm32cube.ide.mcu.externaltools.gnu-tools-for-stm32.9-2020-q2-update.win32_2.0.0.202105311346/tools/bin/../lib/gcc/arm-none-eabi/9.3.1/../../../../arm-none-eabi/lib/thumb/v7-m/nofp\libc_nano.a(lib_a-impure.o)
 *(.RamFunc)
 *(.RamFunc*)
                0x000000002000007c                . = ALIGN (0x4)
                0x000000002000007c                _edata = .

.igot.plt       0x000000002000007c        0x0 load address 0x00000000080067e0
 .igot.plt      0x000000002000007c        0x0 d:/download/stm32cubeide_1.7.0/stm32cubeide/plugins/com.st.stm32cube.ide.mcu.externaltools.gnu-tools-for-stm32.9-2020-q2-update.win32_2.0.0.202105311346/tools/bin/../lib/gcc/arm-none-eabi/9.3.1/thumb/v7-m/nofp/crtbegin.o
                0x000000002000007c                . = ALIGN (0x4)

.bss            0x0000000020000080      0x428 load address 0x00000000080067e0
                0x0000000020000080                _sbss = .
                0x0000000020000080                __bss_start__ = _sbss
 *(.bss)
 .bss           0x0000000020000080       0x1c d:/download/stm32cubeide_1.7.0/stm32cubeide/plugins/com.st.stm32cube.ide.mcu.externaltools.gnu-tools-for-stm32.9-2020-q2-update.win32_2.0.0.202105311346/tools/bin/../lib/gcc/arm-none-eabi/9.3.1/thumb/v7-m/nofp/crtbegin.o
 *(.bss*)
 .bss.input_quantity
                0x000000002000009c        0x4 ./Core/Src/fsm_vm.o
                0x000000002000009c                input_quantity
 .bss.error_count
                0x00000000200000a0        0x1 ./Core/Src/fsm_vm.o
                0x00000000200000a0                error_count
 *fill*         0x00000000200000a1        0x3 
 .bss.total_payable
                0x00000000200000a4        0x4 ./Core/Src/fsm_vm.o
                0x00000000200000a4                total_payable
 .bss.money_inserted_current
                0x00000000200000a8        0x4 ./Core/Src/fsm_vm.o
                0x00000000200000a8                money_inserted_current
 .bss.money_paid_accumulated
                0x00000000200000ac        0x4 ./Core/Src/fsm_vm.o
                0x00000000200000ac                money_paid_accumulated
 .bss.payment_error_count
                0x00000000200000b0        0x1 ./Core/Src/fsm_vm.o
                0x00000000200000b0                payment_error_count
 .bss.adj_line  0x00000000200000b1        0x1 ./Core/Src/fsm_vm.o
 *fill*         0x00000000200000b2        0x2 
 .bss.sensor_tick_last
                0x00000000200000b4        0x4 ./Core/Src/fsm_vm.o
 .bss.detection_start_time
                0x00000000200000b8        0x4 ./Core/Src/fsm_vm.o
 .bss.I2C       0x00000000200000bc       0x10 ./Core/Src/i2c.o
 .bss.IC_Val1   0x00000000200000cc        0x4 ./Core/Src/main.o
                0x00000000200000cc                IC_Val1
 .bss.IC_Val2   0x00000000200000d0        0x4 ./Core/Src/main.o
                0x00000000200000d0                IC_Val2
 .bss.Difference
                0x00000000200000d4        0x4 ./Core/Src/main.o
                0x00000000200000d4                Difference
 .bss.Is_First_Captured
                0x00000000200000d8        0x1 ./Core/Src/main.o
                0x00000000200000d8                Is_First_Captured
 *fill*         0x00000000200000d9        0x1 
 .bss.Distance  0x00000000200000da        0x2 ./Core/Src/main.o
                0x00000000200000da                Distance
 .bss.__sbrk_heap_end
                0x00000000200000dc        0x4 ./Core/Src/sysmem.o
 .bss.init_timer_counter
                0x00000000200000e0        0x4 ./Core/Src/timer.o
                0x00000000200000e0                init_timer_counter
 .bss.init_timer_flag
                0x00000000200000e4        0x4 ./Core/Src/timer.o
                0x00000000200000e4                init_timer_flag
 .bss.welcome_timer_counter
                0x00000000200000e8        0x4 ./Core/Src/timer.o
                0x00000000200000e8                welcome_timer_counter
 .bss.welcome_timer_flag
                0x00000000200000ec        0x4 ./Core/Src/timer.o
                0x00000000200000ec                welcome_timer_flag
 .bss.timeout_timer_counter
                0x00000000200000f0        0x4 ./Core/Src/timer.o
                0x00000000200000f0                timeout_timer_counter
 .bss.timeout_timer_flag
                0x00000000200000f4        0x4 ./Core/Src/timer.o
                0x00000000200000f4                timeout_timer_flag
 .bss.message_timer_counter
                0x00000000200000f8        0x4 ./Core/Src/timer.o
                0x00000000200000f8                message_timer_counter
 .bss.message_timer_flag
                0x00000000200000fc        0x4 ./Core/Src/timer.o
                0x00000000200000fc                message_timer_flag
 .bss.sensor_timer_counter
                0x0000000020000100        0x4 ./Core/Src/timer.o
                0x0000000020000100                sensor_timer_counter
 .bss.sensor_timer_flag
                0x0000000020000104        0x4 ./Core/Src/timer.o
                0x0000000020000104                sensor_timer_flag
 .bss.__malloc_free_list
                0x0000000020000108        0x4 d:/download/stm32cubeide_1.7.0/stm32cubeide/plugins/com.st.stm32cube.ide.mcu.externaltools.gnu-tools-for-stm32.9-2020-q2-update.win32_2.0.0.202105311346/tools/bin/../lib/gcc/arm-none-eabi/9.3.1/../../../../arm-none-eabi/lib/thumb/v7-m/nofp\libc_nano.a(lib_a-nano-mallocr.o)
                0x0000000020000108                __malloc_free_list
 .bss.__malloc_sbrk_start
                0x000000002000010c        0x4 d:/download/stm32cubeide_1.7.0/stm32cubeide/plugins/com.st.stm32cube.ide.mcu.externaltools.gnu-tools-for-stm32.9-2020-q2-update.win32_2.0.0.202105311346/tools/bin/../lib/gcc/arm-none-eabi/9.3.1/../../../../arm-none-eabi/lib/thumb/v7-m/nofp\libc_nano.a(lib_a-nano-mallocr.o)
                0x000000002000010c                __malloc_sbrk_start
 *(COMMON)
 COMMON         0x0000000020000110       0x9c ./Core/Src/main.o
                0x0000000020000110                hi2c1
                0x0000000020000164                htim1
 COMMON         0x00000000200001ac      0x2c0 ./Core/Src/store.o
                0x00000000200001ac                skt_skins
 COMMON         0x000000002000046c        0x2 ./Core/Src/tv_lcd_i2c.o
                0x000000002000046c                _backlightval
                0x000000002000046d                LCDI2C_ADDR
 *fill*         0x000000002000046e        0x2 
 COMMON         0x0000000020000470        0x4 ./Drivers/STM32F1xx_HAL_Driver/Src/stm32f1xx_hal.o
                0x0000000020000470                uwTick
 *fill*         0x0000000020000474        0x4 
 COMMON         0x0000000020000478       0x20 ./Drivers/STM32F1xx_HAL_Driver/Src/stm32f1xx_hal_flash.o
                0x0000000020000478                pFlash
 COMMON         0x0000000020000498        0x4 d:/download/stm32cubeide_1.7.0/stm32cubeide/plugins/com.st.stm32cube.ide.mcu.externaltools.gnu-tools-for-stm32.9-2020-q2-update.win32_2.0.0.202105311346/tools/bin/../lib/gcc/arm-none-eabi/9.3.1/../../../../arm-none-eabi/lib/thumb/v7-m/nofp\libc_nano.a(lib_a-reent.o)
                0x0000000020000498                errno
 COMMON         0x000000002000049c        0x9 d:/download/stm32cubeide_1.7.0/stm32cubeide/plugins/com.st.stm32cube.ide.mcu.externaltools.gnu-tools-for-stm32.9-2020-q2-update.win32_2.0.0.202105311346/tools/bin/../lib/gcc/arm-none-eabi/9.3.1/../../../../arm-none-eabi/lib/thumb/v7-m/nofp\libc_nano.a(lib_a-lock.o)
                0x000000002000049c                __lock___atexit_recursive_mutex
                0x000000002000049d                __lock___arc4random_mutex
                0x000000002000049e                __lock___env_recursive_mutex
                0x000000002000049f                __lock___sinit_recursive_mutex
                0x00000000200004a0                __lock___malloc_recursive_mutex
                0x00000000200004a1                __lock___at_quick_exit_mutex
                0x00000000200004a2                __lock___dd_hash_mutex
                0x00000000200004a3                __lock___tz_mutex
                0x00000000200004a4                __lock___sfp_recursive_mutex
                0x00000000200004a8                . = ALIGN (0x4)
 *fill*         0x00000000200004a5        0x3 
                0x00000000200004a8                _ebss = .
                0x00000000200004a8                __bss_end__ = _ebss

._user_heap_stack
                0x00000000200004a8      0x600 load address 0x00000000080067e0
                0x00000000200004a8                . = ALIGN (0x8)
                [!provide]                        PROVIDE (end = .)
                0x00000000200004a8                PROVIDE (_end = .)
                0x00000000200006a8                . = (. + _Min_Heap_Size)
 *fill*         0x00000000200004a8      0x200 
                0x0000000020000aa8                . = (. + _Min_Stack_Size)
 *fill*         0x00000000200006a8      0x400 
                0x0000000020000aa8                . = ALIGN (0x8)

/DISCARD/
 libc.a(*)
 libm.a(*)
 libgcc.a(*)

.ARM.attributes
                0x0000000000000000       0x29
 *(.ARM.attributes)
 .ARM.attributes
                0x0000000000000000       0x1d d:/download/stm32cubeide_1.7.0/stm32cubeide/plugins/com.st.stm32cube.ide.mcu.externaltools.gnu-tools-for-stm32.9-2020-q2-update.win32_2.0.0.202105311346/tools/bin/../lib/gcc/arm-none-eabi/9.3.1/thumb/v7-m/nofp/crti.o
 .ARM.attributes
                0x000000000000001d       0x2d d:/download/stm32cubeide_1.7.0/stm32cubeide/plugins/com.st.stm32cube.ide.mcu.externaltools.gnu-tools-for-stm32.9-2020-q2-update.win32_2.0.0.202105311346/tools/bin/../lib/gcc/arm-none-eabi/9.3.1/thumb/v7-m/nofp/crtbegin.o
 .ARM.attributes
                0x000000000000004a       0x2d ./Core/Src/ADMIN.o
 .ARM.attributes
                0x0000000000000077       0x2d ./Core/Src/fsm_vm.o
 .ARM.attributes
                0x00000000000000a4       0x2d ./Core/Src/i2c.o
 .ARM.attributes
                0x00000000000000d1       0x2d ./Core/Src/keypad.o
 .ARM.attributes
                0x00000000000000fe       0x2d ./Core/Src/main.o
 .ARM.attributes
                0x000000000000012b       0x2d ./Core/Src/sensor.o
 .ARM.attributes
                0x0000000000000158       0x2d ./Core/Src/stm32f1xx_hal_msp.o
 .ARM.attributes
                0x0000000000000185       0x2d ./Core/Src/stm32f1xx_it.o
 .ARM.attributes
                0x00000000000001b2       0x2d ./Core/Src/store.o
 .ARM.attributes
                0x00000000000001df       0x2d ./Core/Src/sysmem.o
 .ARM.attributes
                0x000000000000020c       0x2d ./Core/Src/system_stm32f1xx.o
 .ARM.attributes
                0x0000000000000239       0x2d ./Core/Src/timer.o
 .ARM.attributes
                0x0000000000000266       0x2d ./Core/Src/tv_lcd_i2c.o
 .ARM.attributes
                0x0000000000000293       0x21 ./Core/Startup/startup_stm32f103c8tx.o
 .ARM.attributes
                0x00000000000002b4       0x2d ./Drivers/STM32F1xx_HAL_Driver/Src/stm32f1xx_hal.o
 .ARM.attributes
                0x00000000000002e1       0x2d ./Drivers/STM32F1xx_HAL_Driver/Src/stm32f1xx_hal_cortex.o
 .ARM.attributes
                0x000000000000030e       0x2d ./Drivers/STM32F1xx_HAL_Driver/Src/stm32f1xx_hal_flash.o
 .ARM.attributes
                0x000000000000033b       0x2d ./Drivers/STM32F1xx_HAL_Driver/Src/stm32f1xx_hal_flash_ex.o
 .ARM.attributes
                0x0000000000000368       0x2d ./Drivers/STM32F1xx_HAL_Driver/Src/stm32f1xx_hal_gpio.o
 .ARM.attributes
                0x0000000000000395       0x2d ./Drivers/STM32F1xx_HAL_Driver/Src/stm32f1xx_hal_i2c.o
 .ARM.attributes
                0x00000000000003c2       0x2d ./Drivers/STM32F1xx_HAL_Driver/Src/stm32f1xx_hal_rcc.o
 .ARM.attributes
                0x00000000000003ef       0x2d ./Drivers/STM32F1xx_HAL_Driver/Src/stm32f1xx_hal_tim.o
 .ARM.attributes
                0x000000000000041c       0x2d ./Drivers/STM32F1xx_HAL_Driver/Src/stm32f1xx_hal_tim_ex.o
 .ARM.attributes
                0x0000000000000449       0x2d d:/download/stm32cubeide_1.7.0/stm32cubeide/plugins/com.st.stm32cube.ide.mcu.externaltools.gnu-tools-for-stm32.9-2020-q2-update.win32_2.0.0.202105311346/tools/bin/../lib/gcc/arm-none-eabi/9.3.1/../../../../arm-none-eabi/lib/thumb/v7-m/nofp\libc_nano.a(lib_a-errno.o)
 .ARM.attributes
                0x0000000000000476       0x2d d:/download/stm32cubeide_1.7.0/stm32cubeide/plugins/com.st.stm32cube.ide.mcu.externaltools.gnu-tools-for-stm32.9-2020-q2-update.win32_2.0.0.202105311346/tools/bin/../lib/gcc/arm-none-eabi/9.3.1/../../../../arm-none-eabi/lib/thumb/v7-m/nofp\libc_nano.a(lib_a-impure.o)
 .ARM.attributes
                0x00000000000004a3       0x2d d:/download/stm32cubeide_1.7.0/stm32cubeide/plugins/com.st.stm32cube.ide.mcu.externaltools.gnu-tools-for-stm32.9-2020-q2-update.win32_2.0.0.202105311346/tools/bin/../lib/gcc/arm-none-eabi/9.3.1/../../../../arm-none-eabi/lib/thumb/v7-m/nofp\libc_nano.a(lib_a-init.o)
 .ARM.attributes
                0x00000000000004d0       0x2d d:/download/stm32cubeide_1.7.0/stm32cubeide/plugins/com.st.stm32cube.ide.mcu.externaltools.gnu-tools-for-stm32.9-2020-q2-update.win32_2.0.0.202105311346/tools/bin/../lib/gcc/arm-none-eabi/9.3.1/../../../../arm-none-eabi/lib/thumb/v7-m/nofp\libc_nano.a(lib_a-memcpy-stub.o)
 .ARM.attributes
                0x00000000000004fd       0x2d d:/download/stm32cubeide_1.7.0/stm32cubeide/plugins/com.st.stm32cube.ide.mcu.externaltools.gnu-tools-for-stm32.9-2020-q2-update.win32_2.0.0.202105311346/tools/bin/../lib/gcc/arm-none-eabi/9.3.1/../../../../arm-none-eabi/lib/thumb/v7-m/nofp\libc_nano.a(lib_a-memset.o)
 .ARM.attributes
                0x000000000000052a       0x2d d:/download/stm32cubeide_1.7.0/stm32cubeide/plugins/com.st.stm32cube.ide.mcu.externaltools.gnu-tools-for-stm32.9-2020-q2-update.win32_2.0.0.202105311346/tools/bin/../lib/gcc/arm-none-eabi/9.3.1/../../../../arm-none-eabi/lib/thumb/v7-m/nofp\libc_nano.a(lib_a-snprintf.o)
 .ARM.attributes
                0x0000000000000557       0x2d d:/download/stm32cubeide_1.7.0/stm32cubeide/plugins/com.st.stm32cube.ide.mcu.externaltools.gnu-tools-for-stm32.9-2020-q2-update.win32_2.0.0.202105311346/tools/bin/../lib/gcc/arm-none-eabi/9.3.1/../../../../arm-none-eabi/lib/thumb/v7-m/nofp\libc_nano.a(lib_a-sprintf.o)
 .ARM.attributes
                0x0000000000000584       0x1b d:/download/stm32cubeide_1.7.0/stm32cubeide/plugins/com.st.stm32cube.ide.mcu.externaltools.gnu-tools-for-stm32.9-2020-q2-update.win32_2.0.0.202105311346/tools/bin/../lib/gcc/arm-none-eabi/9.3.1/../../../../arm-none-eabi/lib/thumb/v7-m/nofp\libc_nano.a(lib_a-strcmp.o)
 .ARM.attributes
                0x000000000000059f       0x17 d:/download/stm32cubeide_1.7.0/stm32cubeide/plugins/com.st.stm32cube.ide.mcu.externaltools.gnu-tools-for-stm32.9-2020-q2-update.win32_2.0.0.202105311346/tools/bin/../lib/gcc/arm-none-eabi/9.3.1/../../../../arm-none-eabi/lib/thumb/v7-m/nofp\libc_nano.a(lib_a-strlen.o)
 .ARM.attributes
                0x00000000000005b6       0x2d d:/download/stm32cubeide_1.7.0/stm32cubeide/plugins/com.st.stm32cube.ide.mcu.externaltools.gnu-tools-for-stm32.9-2020-q2-update.win32_2.0.0.202105311346/tools/bin/../lib/gcc/arm-none-eabi/9.3.1/../../../../arm-none-eabi/lib/thumb/v7-m/nofp\libc_nano.a(lib_a-nano-svfprintf.o)
 .ARM.attributes
                0x00000000000005e3       0x2d d:/download/stm32cubeide_1.7.0/stm32cubeide/plugins/com.st.stm32cube.ide.mcu.externaltools.gnu-tools-for-stm32.9-2020-q2-update.win32_2.0.0.202105311346/tools/bin/../lib/gcc/arm-none-eabi/9.3.1/../../../../arm-none-eabi/lib/thumb/v7-m/nofp\libc_nano.a(lib_a-nano-vfprintf_i.o)
 .ARM.attributes
                0x0000000000000610       0x2d d:/download/stm32cubeide_1.7.0/stm32cubeide/plugins/com.st.stm32cube.ide.mcu.externaltools.gnu-tools-for-stm32.9-2020-q2-update.win32_2.0.0.202105311346/tools/bin/../lib/gcc/arm-none-eabi/9.3.1/../../../../arm-none-eabi/lib/thumb/v7-m/nofp\libc_nano.a(lib_a-memchr-stub.o)
 .ARM.attributes
                0x000000000000063d       0x2d d:/download/stm32cubeide_1.7.0/stm32cubeide/plugins/com.st.stm32cube.ide.mcu.externaltools.gnu-tools-for-stm32.9-2020-q2-update.win32_2.0.0.202105311346/tools/bin/../lib/gcc/arm-none-eabi/9.3.1/../../../../arm-none-eabi/lib/thumb/v7-m/nofp\libc_nano.a(lib_a-memmove.o)
 .ARM.attributes
                0x000000000000066a       0x2d d:/download/stm32cubeide_1.7.0/stm32cubeide/plugins/com.st.stm32cube.ide.mcu.externaltools.gnu-tools-for-stm32.9-2020-q2-update.win32_2.0.0.202105311346/tools/bin/../lib/gcc/arm-none-eabi/9.3.1/../../../../arm-none-eabi/lib/thumb/v7-m/nofp\libc_nano.a(lib_a-nano-freer.o)
 .ARM.attributes
                0x0000000000000697       0x2d d:/download/stm32cubeide_1.7.0/stm32cubeide/plugins/com.st.stm32cube.ide.mcu.externaltools.gnu-tools-for-stm32.9-2020-q2-update.win32_2.0.0.202105311346/tools/bin/../lib/gcc/arm-none-eabi/9.3.1/../../../../arm-none-eabi/lib/thumb/v7-m/nofp\libc_nano.a(lib_a-nano-mallocr.o)
 .ARM.attributes
                0x00000000000006c4       0x2d d:/download/stm32cubeide_1.7.0/stm32cubeide/plugins/com.st.stm32cube.ide.mcu.externaltools.gnu-tools-for-stm32.9-2020-q2-update.win32_2.0.0.202105311346/tools/bin/../lib/gcc/arm-none-eabi/9.3.1/../../../../arm-none-eabi/lib/thumb/v7-m/nofp\libc_nano.a(lib_a-nano-reallocr.o)
 .ARM.attributes
                0x00000000000006f1       0x2d d:/download/stm32cubeide_1.7.0/stm32cubeide/plugins/com.st.stm32cube.ide.mcu.externaltools.gnu-tools-for-stm32.9-2020-q2-update.win32_2.0.0.202105311346/tools/bin/../lib/gcc/arm-none-eabi/9.3.1/../../../../arm-none-eabi/lib/thumb/v7-m/nofp\libc_nano.a(lib_a-sbrkr.o)
 .ARM.attributes
                0x000000000000071e       0x2d d:/download/stm32cubeide_1.7.0/stm32cubeide/plugins/com.st.stm32cube.ide.mcu.externaltools.gnu-tools-for-stm32.9-2020-q2-update.win32_2.0.0.202105311346/tools/bin/../lib/gcc/arm-none-eabi/9.3.1/../../../../arm-none-eabi/lib/thumb/v7-m/nofp\libc_nano.a(lib_a-mlock.o)
 .ARM.attributes
                0x000000000000074b       0x2d d:/download/stm32cubeide_1.7.0/stm32cubeide/plugins/com.st.stm32cube.ide.mcu.externaltools.gnu-tools-for-stm32.9-2020-q2-update.win32_2.0.0.202105311346/tools/bin/../lib/gcc/arm-none-eabi/9.3.1/../../../../arm-none-eabi/lib/thumb/v7-m/nofp\libc_nano.a(lib_a-nano-msizer.o)
 .ARM.attributes
                0x0000000000000778       0x2d d:/download/stm32cubeide_1.7.0/stm32cubeide/plugins/com.st.stm32cube.ide.mcu.externaltools.gnu-tools-for-stm32.9-2020-q2-update.win32_2.0.0.202105311346/tools/bin/../lib/gcc/arm-none-eabi/9.3.1/../../../../arm-none-eabi/lib/thumb/v7-m/nofp\libc_nano.a(lib_a-reent.o)
 .ARM.attributes
                0x00000000000007a5       0x2d d:/download/stm32cubeide_1.7.0/stm32cubeide/plugins/com.st.stm32cube.ide.mcu.externaltools.gnu-tools-for-stm32.9-2020-q2-update.win32_2.0.0.202105311346/tools/bin/../lib/gcc/arm-none-eabi/9.3.1/../../../../arm-none-eabi/lib/thumb/v7-m/nofp\libc_nano.a(lib_a-lock.o)
 .ARM.attributes
                0x00000000000007d2       0x1d d:/download/stm32cubeide_1.7.0/stm32cubeide/plugins/com.st.stm32cube.ide.mcu.externaltools.gnu-tools-for-stm32.9-2020-q2-update.win32_2.0.0.202105311346/tools/bin/../lib/gcc/arm-none-eabi/9.3.1/thumb/v7-m/nofp\libgcc.a(_arm_addsubdf3.o)
 .ARM.attributes
                0x00000000000007ef       0x1d d:/download/stm32cubeide_1.7.0/stm32cubeide/plugins/com.st.stm32cube.ide.mcu.externaltools.gnu-tools-for-stm32.9-2020-q2-update.win32_2.0.0.202105311346/tools/bin/../lib/gcc/arm-none-eabi/9.3.1/thumb/v7-m/nofp\libgcc.a(_arm_muldivdf3.o)
 .ARM.attributes
                0x000000000000080c       0x1d d:/download/stm32cubeide_1.7.0/stm32cubeide/plugins/com.st.stm32cube.ide.mcu.externaltools.gnu-tools-for-stm32.9-2020-q2-update.win32_2.0.0.202105311346/tools/bin/../lib/gcc/arm-none-eabi/9.3.1/thumb/v7-m/nofp\libgcc.a(_arm_fixunsdfsi.o)
 .ARM.attributes
                0x0000000000000829       0x1d d:/download/stm32cubeide_1.7.0/stm32cubeide/plugins/com.st.stm32cube.ide.mcu.externaltools.gnu-tools-for-stm32.9-2020-q2-update.win32_2.0.0.202105311346/tools/bin/../lib/gcc/arm-none-eabi/9.3.1/thumb/v7-m/nofp/crtn.o
OUTPUT(LCD_TEST.elf elf32-littlearm)
LOAD linker stubs
LOAD d:/download/stm32cubeide_1.7.0/stm32cubeide/plugins/com.st.stm32cube.ide.mcu.externaltools.gnu-tools-for-stm32.9-2020-q2-update.win32_2.0.0.202105311346/tools/bin/../lib/gcc/arm-none-eabi/9.3.1/../../../../arm-none-eabi/lib/thumb/v7-m/nofp\libc.a
LOAD d:/download/stm32cubeide_1.7.0/stm32cubeide/plugins/com.st.stm32cube.ide.mcu.externaltools.gnu-tools-for-stm32.9-2020-q2-update.win32_2.0.0.202105311346/tools/bin/../lib/gcc/arm-none-eabi/9.3.1/../../../../arm-none-eabi/lib/thumb/v7-m/nofp\libm.a
LOAD d:/download/stm32cubeide_1.7.0/stm32cubeide/plugins/com.st.stm32cube.ide.mcu.externaltools.gnu-tools-for-stm32.9-2020-q2-update.win32_2.0.0.202105311346/tools/bin/../lib/gcc/arm-none-eabi/9.3.1/thumb/v7-m/nofp\libgcc.a

.debug_info     0x0000000000000000    0x11ec4
 .debug_info    0x0000000000000000      0xac3 ./Core/Src/ADMIN.o
 .debug_info    0x0000000000000ac3     0x1097 ./Core/Src/fsm_vm.o
 .debug_info    0x0000000000001b5a      0x464 ./Core/Src/i2c.o
 .debug_info    0x0000000000001fbe      0x432 ./Core/Src/keypad.o
 .debug_info    0x00000000000023f0     0x190f ./Core/Src/main.o
 .debug_info    0x0000000000003cff      0x860 ./Core/Src/sensor.o
 .debug_info    0x000000000000455f      0xe77 ./Core/Src/stm32f1xx_hal_msp.o
 .debug_info    0x00000000000053d6      0x7f5 ./Core/Src/stm32f1xx_it.o
 .debug_info    0x0000000000005bcb      0xcb6 ./Core/Src/store.o
 .debug_info    0x0000000000006881      0xa25 ./Core/Src/sysmem.o
 .debug_info    0x00000000000072a6      0x2be ./Core/Src/system_stm32f1xx.o
 .debug_info    0x0000000000007564      0x1d8 ./Core/Src/timer.o
 .debug_info    0x000000000000773c      0xc7b ./Core/Src/tv_lcd_i2c.o
 .debug_info    0x00000000000083b7       0x22 ./Core/Startup/startup_stm32f103c8tx.o
 .debug_info    0x00000000000083d9      0x76a ./Drivers/STM32F1xx_HAL_Driver/Src/stm32f1xx_hal.o
 .debug_info    0x0000000000008b43      0xbdc ./Drivers/STM32F1xx_HAL_Driver/Src/stm32f1xx_hal_cortex.o
 .debug_info    0x000000000000971f      0x5f3 ./Drivers/STM32F1xx_HAL_Driver/Src/stm32f1xx_hal_flash.o
 .debug_info    0x0000000000009d12      0x8a2 ./Drivers/STM32F1xx_HAL_Driver/Src/stm32f1xx_hal_flash_ex.o
 .debug_info    0x000000000000a5b4      0x701 ./Drivers/STM32F1xx_HAL_Driver/Src/stm32f1xx_hal_gpio.o
 .debug_info    0x000000000000acb5     0x27cb ./Drivers/STM32F1xx_HAL_Driver/Src/stm32f1xx_hal_i2c.o
 .debug_info    0x000000000000d480      0x893 ./Drivers/STM32F1xx_HAL_Driver/Src/stm32f1xx_hal_rcc.o
 .debug_info    0x000000000000dd13     0x2c32 ./Drivers/STM32F1xx_HAL_Driver/Src/stm32f1xx_hal_tim.o
 .debug_info    0x0000000000010945     0x157f ./Drivers/STM32F1xx_HAL_Driver/Src/stm32f1xx_hal_tim_ex.o

.debug_abbrev   0x0000000000000000     0x2dc5
 .debug_abbrev  0x0000000000000000      0x200 ./Core/Src/ADMIN.o
 .debug_abbrev  0x0000000000000200      0x2cd ./Core/Src/fsm_vm.o
 .debug_abbrev  0x00000000000004cd      0x1d5 ./Core/Src/i2c.o
 .debug_abbrev  0x00000000000006a2      0x17d ./Core/Src/keypad.o
 .debug_abbrev  0x000000000000081f      0x2d2 ./Core/Src/main.o
 .debug_abbrev  0x0000000000000af1      0x1a3 ./Core/Src/sensor.o
 .debug_abbrev  0x0000000000000c94      0x1c8 ./Core/Src/stm32f1xx_hal_msp.o
 .debug_abbrev  0x0000000000000e5c      0x176 ./Core/Src/stm32f1xx_it.o
 .debug_abbrev  0x0000000000000fd2      0x26f ./Core/Src/store.o
 .debug_abbrev  0x0000000000001241      0x1bf ./Core/Src/sysmem.o
 .debug_abbrev  0x0000000000001400      0x14e ./Core/Src/system_stm32f1xx.o
 .debug_abbrev  0x000000000000154e       0xc3 ./Core/Src/timer.o
 .debug_abbrev  0x0000000000001611      0x274 ./Core/Src/tv_lcd_i2c.o
 .debug_abbrev  0x0000000000001885       0x12 ./Core/Startup/startup_stm32f103c8tx.o
 .debug_abbrev  0x0000000000001897      0x1ed ./Drivers/STM32F1xx_HAL_Driver/Src/stm32f1xx_hal.o
 .debug_abbrev  0x0000000000001a84      0x313 ./Drivers/STM32F1xx_HAL_Driver/Src/stm32f1xx_hal_cortex.o
 .debug_abbrev  0x0000000000001d97      0x23e ./Drivers/STM32F1xx_HAL_Driver/Src/stm32f1xx_hal_flash.o
 .debug_abbrev  0x0000000000001fd5      0x249 ./Drivers/STM32F1xx_HAL_Driver/Src/stm32f1xx_hal_flash_ex.o
 .debug_abbrev  0x000000000000221e      0x1e8 ./Drivers/STM32F1xx_HAL_Driver/Src/stm32f1xx_hal_gpio.o
 .debug_abbrev  0x0000000000002406      0x288 ./Drivers/STM32F1xx_HAL_Driver/Src/stm32f1xx_hal_i2c.o
 .debug_abbrev  0x000000000000268e      0x273 ./Drivers/STM32F1xx_HAL_Driver/Src/stm32f1xx_hal_rcc.o
 .debug_abbrev  0x0000000000002901      0x25e ./Drivers/STM32F1xx_HAL_Driver/Src/stm32f1xx_hal_tim.o
 .debug_abbrev  0x0000000000002b5f      0x266 ./Drivers/STM32F1xx_HAL_Driver/Src/stm32f1xx_hal_tim_ex.o

.debug_aranges  0x0000000000000000      0xf78
 .debug_aranges
                0x0000000000000000       0x20 ./Core/Src/ADMIN.o
 .debug_aranges
                0x0000000000000020       0x58 ./Core/Src/fsm_vm.o
 .debug_aranges
                0x0000000000000078       0x60 ./Core/Src/i2c.o
 .debug_aranges
                0x00000000000000d8       0x28 ./Core/Src/keypad.o
 .debug_aranges
                0x0000000000000100       0x58 ./Core/Src/main.o
 .debug_aranges
                0x0000000000000158       0x38 ./Core/Src/sensor.o
 .debug_aranges
                0x0000000000000190       0x40 ./Core/Src/stm32f1xx_hal_msp.o
 .debug_aranges
                0x00000000000001d0       0x68 ./Core/Src/stm32f1xx_it.o
 .debug_aranges
                0x0000000000000238       0x40 ./Core/Src/store.o
 .debug_aranges
                0x0000000000000278       0x20 ./Core/Src/sysmem.o
 .debug_aranges
                0x0000000000000298       0x28 ./Core/Src/system_stm32f1xx.o
 .debug_aranges
                0x00000000000002c0       0x48 ./Core/Src/timer.o
 .debug_aranges
                0x0000000000000308       0x80 ./Core/Src/tv_lcd_i2c.o
 .debug_aranges
                0x0000000000000388       0x28 ./Core/Startup/startup_stm32f103c8tx.o
 .debug_aranges
                0x00000000000003b0       0xe0 ./Drivers/STM32F1xx_HAL_Driver/Src/stm32f1xx_hal.o
 .debug_aranges
                0x0000000000000490      0x100 ./Drivers/STM32F1xx_HAL_Driver/Src/stm32f1xx_hal_cortex.o
 .debug_aranges
                0x0000000000000590       0x88 ./Drivers/STM32F1xx_HAL_Driver/Src/stm32f1xx_hal_flash.o
 .debug_aranges
                0x0000000000000618       0x98 ./Drivers/STM32F1xx_HAL_Driver/Src/stm32f1xx_hal_flash_ex.o
 .debug_aranges
                0x00000000000006b0       0x58 ./Drivers/STM32F1xx_HAL_Driver/Src/stm32f1xx_hal_gpio.o
 .debug_aranges
                0x0000000000000708      0x2a8 ./Drivers/STM32F1xx_HAL_Driver/Src/stm32f1xx_hal_i2c.o
 .debug_aranges
                0x00000000000009b0       0x90 ./Drivers/STM32F1xx_HAL_Driver/Src/stm32f1xx_hal_rcc.o
 .debug_aranges
                0x0000000000000a40      0x3d0 ./Drivers/STM32F1xx_HAL_Driver/Src/stm32f1xx_hal_tim.o
 .debug_aranges
                0x0000000000000e10      0x168 ./Drivers/STM32F1xx_HAL_Driver/Src/stm32f1xx_hal_tim_ex.o

.debug_ranges   0x0000000000000000      0xf90
 .debug_ranges  0x0000000000000000       0x10 ./Core/Src/ADMIN.o
 .debug_ranges  0x0000000000000010      0x1b0 ./Core/Src/fsm_vm.o
 .debug_ranges  0x00000000000001c0       0x50 ./Core/Src/i2c.o
 .debug_ranges  0x0000000000000210       0x18 ./Core/Src/keypad.o
 .debug_ranges  0x0000000000000228       0x48 ./Core/Src/main.o
 .debug_ranges  0x0000000000000270       0x28 ./Core/Src/sensor.o
 .debug_ranges  0x0000000000000298       0x30 ./Core/Src/stm32f1xx_hal_msp.o
 .debug_ranges  0x00000000000002c8       0x58 ./Core/Src/stm32f1xx_it.o
 .debug_ranges  0x0000000000000320       0x30 ./Core/Src/store.o
 .debug_ranges  0x0000000000000350       0x10 ./Core/Src/sysmem.o
 .debug_ranges  0x0000000000000360       0x18 ./Core/Src/system_stm32f1xx.o
 .debug_ranges  0x0000000000000378       0x38 ./Core/Src/timer.o
 .debug_ranges  0x00000000000003b0       0x70 ./Core/Src/tv_lcd_i2c.o
 .debug_ranges  0x0000000000000420       0x20 ./Core/Startup/startup_stm32f103c8tx.o
 .debug_ranges  0x0000000000000440       0xd0 ./Drivers/STM32F1xx_HAL_Driver/Src/stm32f1xx_hal.o
 .debug_ranges  0x0000000000000510       0xf0 ./Drivers/STM32F1xx_HAL_Driver/Src/stm32f1xx_hal_cortex.o
 .debug_ranges  0x0000000000000600       0x78 ./Drivers/STM32F1xx_HAL_Driver/Src/stm32f1xx_hal_flash.o
 .debug_ranges  0x0000000000000678       0x88 ./Drivers/STM32F1xx_HAL_Driver/Src/stm32f1xx_hal_flash_ex.o
 .debug_ranges  0x0000000000000700       0x48 ./Drivers/STM32F1xx_HAL_Driver/Src/stm32f1xx_hal_gpio.o
 .debug_ranges  0x0000000000000748      0x2b0 ./Drivers/STM32F1xx_HAL_Driver/Src/stm32f1xx_hal_i2c.o
 .debug_ranges  0x00000000000009f8       0x80 ./Drivers/STM32F1xx_HAL_Driver/Src/stm32f1xx_hal_rcc.o
 .debug_ranges  0x0000000000000a78      0x3c0 ./Drivers/STM32F1xx_HAL_Driver/Src/stm32f1xx_hal_tim.o
 .debug_ranges  0x0000000000000e38      0x158 ./Drivers/STM32F1xx_HAL_Driver/Src/stm32f1xx_hal_tim_ex.o

.debug_macro    0x0000000000000000    0x19584
 .debug_macro   0x0000000000000000      0x369 ./Core/Src/ADMIN.o
 .debug_macro   0x0000000000000369      0xa9c ./Core/Src/ADMIN.o
 .debug_macro   0x0000000000000e05      0x21b ./Core/Src/ADMIN.o
 .debug_macro   0x0000000000001020       0x2e ./Core/Src/ADMIN.o
 .debug_macro   0x000000000000104e       0x22 ./Core/Src/ADMIN.o
 .debug_macro   0x0000000000001070       0x22 ./Core/Src/ADMIN.o
 .debug_macro   0x0000000000001092       0x8e ./Core/Src/ADMIN.o
 .debug_macro   0x0000000000001120       0x51 ./Core/Src/ADMIN.o
 .debug_macro   0x0000000000001171      0x103 ./Core/Src/ADMIN.o
 .debug_macro   0x0000000000001274       0x6a ./Core/Src/ADMIN.o
 .debug_macro   0x00000000000012de      0x1df ./Core/Src/ADMIN.o
 .debug_macro   0x00000000000014bd       0x1c ./Core/Src/ADMIN.o
 .debug_macro   0x00000000000014d9       0x22 ./Core/Src/ADMIN.o
 .debug_macro   0x00000000000014fb       0xc3 ./Core/Src/ADMIN.o
 .debug_macro   0x00000000000015be      0xd23 ./Core/Src/ADMIN.o
 .debug_macro   0x00000000000022e1     0xe09e ./Core/Src/ADMIN.o
 .debug_macro   0x000000000001037f       0x6d ./Core/Src/ADMIN.o
 .debug_macro   0x00000000000103ec     0x34a2 ./Core/Src/ADMIN.o
 .debug_macro   0x000000000001388e      0x174 ./Core/Src/ADMIN.o
 .debug_macro   0x0000000000013a02       0x5c ./Core/Src/ADMIN.o
 .debug_macro   0x0000000000013a5e      0x5bc ./Core/Src/ADMIN.o
 .debug_macro   0x000000000001401a      0x289 ./Core/Src/ADMIN.o
 .debug_macro   0x00000000000142a3      0x1cb ./Core/Src/ADMIN.o
 .debug_macro   0x000000000001446e      0x114 ./Core/Src/ADMIN.o
 .debug_macro   0x0000000000014582      0x1b2 ./Core/Src/ADMIN.o
 .debug_macro   0x0000000000014734       0x27 ./Core/Src/ADMIN.o
 .debug_macro   0x000000000001475b      0x136 ./Core/Src/ADMIN.o
 .debug_macro   0x0000000000014891      0x1bc ./Core/Src/ADMIN.o
 .debug_macro   0x0000000000014a4d       0x34 ./Core/Src/ADMIN.o
 .debug_macro   0x0000000000014a81       0x3c ./Core/Src/ADMIN.o
 .debug_macro   0x0000000000014abd       0x57 ./Core/Src/ADMIN.o
 .debug_macro   0x0000000000014b14       0x87 ./Core/Src/ADMIN.o
 .debug_macro   0x0000000000014b9b      0x240 ./Core/Src/ADMIN.o
 .debug_macro   0x0000000000014ddb      0x287 ./Core/Src/ADMIN.o
 .debug_macro   0x0000000000015062      0x140 ./Core/Src/ADMIN.o
 .debug_macro   0x00000000000151a2      0x8ed ./Core/Src/ADMIN.o
 .debug_macro   0x0000000000015a8f       0x83 ./Core/Src/ADMIN.o
 .debug_macro   0x0000000000015b12       0x52 ./Core/Src/ADMIN.o
 .debug_macro   0x0000000000015b64       0x18 ./Core/Src/ADMIN.o
 .debug_macro   0x0000000000015b7c       0x3c ./Core/Src/ADMIN.o
 .debug_macro   0x0000000000015bb8       0x34 ./Core/Src/ADMIN.o
 .debug_macro   0x0000000000015bec       0x16 ./Core/Src/ADMIN.o
 .debug_macro   0x0000000000015c02       0x43 ./Core/Src/ADMIN.o
 .debug_macro   0x0000000000015c45       0x34 ./Core/Src/ADMIN.o
 .debug_macro   0x0000000000015c79       0x10 ./Core/Src/ADMIN.o
 .debug_macro   0x0000000000015c89       0x58 ./Core/Src/ADMIN.o
 .debug_macro   0x0000000000015ce1       0x71 ./Core/Src/ADMIN.o
 .debug_macro   0x0000000000015d52       0x1c ./Core/Src/ADMIN.o
 .debug_macro   0x0000000000015d6e      0x12a ./Core/Src/ADMIN.o
 .debug_macro   0x0000000000015e98      0x333 ./Core/Src/ADMIN.o
 .debug_macro   0x00000000000161cb       0x10 ./Core/Src/ADMIN.o
 .debug_macro   0x00000000000161db       0x35 ./Core/Src/ADMIN.o
 .debug_macro   0x0000000000016210       0x20 ./Core/Src/ADMIN.o
 .debug_macro   0x0000000000016230       0x10 ./Core/Src/ADMIN.o
 .debug_macro   0x0000000000016240       0x1c ./Core/Src/ADMIN.o
 .debug_macro   0x000000000001625c       0x10 ./Core/Src/ADMIN.o
 .debug_macro   0x000000000001626c       0x10 ./Core/Src/ADMIN.o
 .debug_macro   0x000000000001627c       0x1c ./Core/Src/ADMIN.o
 .debug_macro   0x0000000000016298       0x52 ./Core/Src/ADMIN.o
 .debug_macro   0x00000000000162ea       0x22 ./Core/Src/ADMIN.o
 .debug_macro   0x000000000001630c       0x10 ./Core/Src/ADMIN.o
 .debug_macro   0x000000000001631c       0x40 ./Core/Src/ADMIN.o
 .debug_macro   0x000000000001635c       0xd5 ./Core/Src/ADMIN.o
 .debug_macro   0x0000000000016431       0x1c ./Core/Src/ADMIN.o
 .debug_macro   0x000000000001644d       0x3d ./Core/Src/ADMIN.o
 .debug_macro   0x000000000001648a       0x16 ./Core/Src/ADMIN.o
 .debug_macro   0x00000000000164a0      0x145 ./Core/Src/ADMIN.o
 .debug_macro   0x00000000000165e5      0x38f ./Core/Src/fsm_vm.o
 .debug_macro   0x0000000000016974       0x16 ./Core/Src/fsm_vm.o
 .debug_macro   0x000000000001698a       0x16 ./Core/Src/fsm_vm.o
 .debug_macro   0x00000000000169a0       0x16 ./Core/Src/fsm_vm.o
 .debug_macro   0x00000000000169b6       0x76 ./Core/Src/fsm_vm.o
 .debug_macro   0x0000000000016a2c      0x1bd ./Core/Src/i2c.o
 .debug_macro   0x0000000000016be9      0x1b7 ./Core/Src/keypad.o
 .debug_macro   0x0000000000016da0      0x3aa ./Core/Src/main.o
 .debug_macro   0x000000000001714a      0x1bc ./Core/Src/sensor.o
 .debug_macro   0x0000000000017306       0x10 ./Core/Src/sensor.o
 .debug_macro   0x0000000000017316      0x1ad ./Core/Src/stm32f1xx_hal_msp.o
 .debug_macro   0x00000000000174c3      0x1c1 ./Core/Src/stm32f1xx_it.o
 .debug_macro   0x0000000000017684      0x291 ./Core/Src/store.o
 .debug_macro   0x0000000000017915      0x339 ./Core/Src/store.o
 .debug_macro   0x0000000000017c4e       0xbd ./Core/Src/store.o
 .debug_macro   0x0000000000017d0b       0x56 ./Core/Src/store.o
 .debug_macro   0x0000000000017d61       0xff ./Core/Src/sysmem.o
 .debug_macro   0x0000000000017e60      0x23b ./Core/Src/sysmem.o
 .debug_macro   0x000000000001809b      0x1a3 ./Core/Src/system_stm32f1xx.o
 .debug_macro   0x000000000001823e       0x1b ./Core/Src/timer.o
 .debug_macro   0x0000000000018259      0x36e ./Core/Src/tv_lcd_i2c.o
 .debug_macro   0x00000000000185c7      0x1c7 ./Drivers/STM32F1xx_HAL_Driver/Src/stm32f1xx_hal.o
 .debug_macro   0x000000000001878e      0x1a3 ./Drivers/STM32F1xx_HAL_Driver/Src/stm32f1xx_hal_cortex.o
 .debug_macro   0x0000000000018931      0x1a3 ./Drivers/STM32F1xx_HAL_Driver/Src/stm32f1xx_hal_flash.o
 .debug_macro   0x0000000000018ad4      0x1b5 ./Drivers/STM32F1xx_HAL_Driver/Src/stm32f1xx_hal_flash_ex.o
 .debug_macro   0x0000000000018c89      0x20e ./Drivers/STM32F1xx_HAL_Driver/Src/stm32f1xx_hal_gpio.o
 .debug_macro   0x0000000000018e97      0x1f1 ./Drivers/STM32F1xx_HAL_Driver/Src/stm32f1xx_hal_i2c.o
 .debug_macro   0x0000000000019088      0x1b5 ./Drivers/STM32F1xx_HAL_Driver/Src/stm32f1xx_hal_rcc.o
 .debug_macro   0x000000000001923d      0x1a4 ./Drivers/STM32F1xx_HAL_Driver/Src/stm32f1xx_hal_tim.o
 .debug_macro   0x00000000000193e1      0x1a3 ./Drivers/STM32F1xx_HAL_Driver/Src/stm32f1xx_hal_tim_ex.o

.debug_line     0x0000000000000000    0x133fc
 .debug_line    0x0000000000000000      0x94f ./Core/Src/ADMIN.o
 .debug_line    0x000000000000094f     0x10e1 ./Core/Src/fsm_vm.o
 .debug_line    0x0000000000001a30      0x839 ./Core/Src/i2c.o
 .debug_line    0x0000000000002269      0x721 ./Core/Src/keypad.o
 .debug_line    0x000000000000298a      0xb16 ./Core/Src/main.o
 .debug_line    0x00000000000034a0      0x746 ./Core/Src/sensor.o
 .debug_line    0x0000000000003be6      0x729 ./Core/Src/stm32f1xx_hal_msp.o
 .debug_line    0x000000000000430f      0x77a ./Core/Src/stm32f1xx_it.o
 .debug_line    0x0000000000004a89      0x939 ./Core/Src/store.o
 .debug_line    0x00000000000053c2      0x516 ./Core/Src/sysmem.o
 .debug_line    0x00000000000058d8      0x712 ./Core/Src/system_stm32f1xx.o
 .debug_line    0x0000000000005fea      0x131 ./Core/Src/timer.o
 .debug_line    0x000000000000611b      0xaad ./Core/Src/tv_lcd_i2c.o
 .debug_line    0x0000000000006bc8       0x86 ./Core/Startup/startup_stm32f103c8tx.o
 .debug_line    0x0000000000006c4e      0x93f ./Drivers/STM32F1xx_HAL_Driver/Src/stm32f1xx_hal.o
 .debug_line    0x000000000000758d      0xb27 ./Drivers/STM32F1xx_HAL_Driver/Src/stm32f1xx_hal_cortex.o
 .debug_line    0x00000000000080b4      0x9fe ./Drivers/STM32F1xx_HAL_Driver/Src/stm32f1xx_hal_flash.o
 .debug_line    0x0000000000008ab2      0xaf4 ./Drivers/STM32F1xx_HAL_Driver/Src/stm32f1xx_hal_flash_ex.o
 .debug_line    0x00000000000095a6      0x9d8 ./Drivers/STM32F1xx_HAL_Driver/Src/stm32f1xx_hal_gpio.o
 .debug_line    0x0000000000009f7e     0x3ad5 ./Drivers/STM32F1xx_HAL_Driver/Src/stm32f1xx_hal_i2c.o
 .debug_line    0x000000000000da53      0xd4b ./Drivers/STM32F1xx_HAL_Driver/Src/stm32f1xx_hal_rcc.o
 .debug_line    0x000000000000e79e     0x33d9 ./Drivers/STM32F1xx_HAL_Driver/Src/stm32f1xx_hal_tim.o
 .debug_line    0x0000000000011b77     0x1885 ./Drivers/STM32F1xx_HAL_Driver/Src/stm32f1xx_hal_tim_ex.o

.debug_str      0x0000000000000000    0x8bc46
 .debug_str     0x0000000000000000    0x87154 ./Core/Src/ADMIN.o
                                      0x8751c (size before relaxing)
 .debug_str     0x0000000000087154      0x45a ./Core/Src/fsm_vm.o
                                      0x8796b (size before relaxing)
 .debug_str     0x00000000000875ae       0xfb ./Core/Src/i2c.o
                                      0x834a3 (size before relaxing)
 .debug_str     0x00000000000876a9       0x90 ./Core/Src/keypad.o
                                      0x83462 (size before relaxing)
 .debug_str     0x0000000000087739      0x897 ./Core/Src/main.o
                                      0x881c5 (size before relaxing)
 .debug_str     0x0000000000087fd0       0x4d ./Core/Src/sensor.o
                                      0x83913 (size before relaxing)
 .debug_str     0x000000000008801d      0x315 ./Core/Src/stm32f1xx_hal_msp.o
                                      0x83ea1 (size before relaxing)
 .debug_str     0x0000000000088332       0xd0 ./Core/Src/stm32f1xx_it.o
                                      0x8393e (size before relaxing)
 .debug_str     0x0000000000088402      0x13c ./Core/Src/store.o
                                      0x866cc (size before relaxing)
 .debug_str     0x000000000008853e      0x4e9 ./Core/Src/sysmem.o
                                       0x6241 (size before relaxing)
 .debug_str     0x0000000000088a27       0x52 ./Core/Src/system_stm32f1xx.o
                                      0x833d8 (size before relaxing)
 .debug_str     0x0000000000088a79       0xdc ./Core/Src/timer.o
                                       0x2e87 (size before relaxing)
 .debug_str     0x0000000000088b55      0x121 ./Core/Src/tv_lcd_i2c.o
                                      0x875e5 (size before relaxing)
 .debug_str     0x0000000000088c76       0x36 ./Core/Startup/startup_stm32f103c8tx.o
                                         0x55 (size before relaxing)
 .debug_str     0x0000000000088cac      0x304 ./Drivers/STM32F1xx_HAL_Driver/Src/stm32f1xx_hal.o
                                      0x83a69 (size before relaxing)
 .debug_str     0x0000000000088fb0      0x300 ./Drivers/STM32F1xx_HAL_Driver/Src/stm32f1xx_hal_cortex.o
                                      0x83a71 (size before relaxing)
 .debug_str     0x00000000000892b0      0x286 ./Drivers/STM32F1xx_HAL_Driver/Src/stm32f1xx_hal_flash.o
                                      0x836ae (size before relaxing)
 .debug_str     0x0000000000089536      0x31e ./Drivers/STM32F1xx_HAL_Driver/Src/stm32f1xx_hal_flash_ex.o
                                      0x83872 (size before relaxing)
 .debug_str     0x0000000000089854      0x31f ./Drivers/STM32F1xx_HAL_Driver/Src/stm32f1xx_hal_gpio.o
                                      0x8379c (size before relaxing)
 .debug_str     0x0000000000089b73      0xb8e ./Drivers/STM32F1xx_HAL_Driver/Src/stm32f1xx_hal_i2c.o
                                      0x84467 (size before relaxing)
 .debug_str     0x000000000008a701      0x244 ./Drivers/STM32F1xx_HAL_Driver/Src/stm32f1xx_hal_rcc.o
                                      0x837d5 (size before relaxing)
 .debug_str     0x000000000008a945      0xe13 ./Drivers/STM32F1xx_HAL_Driver/Src/stm32f1xx_hal_tim.o
                                      0x847be (size before relaxing)
 .debug_str     0x000000000008b758      0x4ee ./Drivers/STM32F1xx_HAL_Driver/Src/stm32f1xx_hal_tim_ex.o
                                      0x83f5f (size before relaxing)

.comment        0x0000000000000000       0x53
 .comment       0x0000000000000000       0x53 ./Core/Src/ADMIN.o
                                         0x54 (size before relaxing)
 .comment       0x0000000000000053       0x54 ./Core/Src/fsm_vm.o
 .comment       0x0000000000000053       0x54 ./Core/Src/i2c.o
 .comment       0x0000000000000053       0x54 ./Core/Src/keypad.o
 .comment       0x0000000000000053       0x54 ./Core/Src/main.o
 .comment       0x0000000000000053       0x54 ./Core/Src/sensor.o
 .comment       0x0000000000000053       0x54 ./Core/Src/stm32f1xx_hal_msp.o
 .comment       0x0000000000000053       0x54 ./Core/Src/stm32f1xx_it.o
 .comment       0x0000000000000053       0x54 ./Core/Src/store.o
 .comment       0x0000000000000053       0x54 ./Core/Src/sysmem.o
 .comment       0x0000000000000053       0x54 ./Core/Src/system_stm32f1xx.o
 .comment       0x0000000000000053       0x54 ./Core/Src/timer.o
 .comment       0x0000000000000053       0x54 ./Core/Src/tv_lcd_i2c.o
 .comment       0x0000000000000053       0x54 ./Drivers/STM32F1xx_HAL_Driver/Src/stm32f1xx_hal.o
 .comment       0x0000000000000053       0x54 ./Drivers/STM32F1xx_HAL_Driver/Src/stm32f1xx_hal_cortex.o
 .comment       0x0000000000000053       0x54 ./Drivers/STM32F1xx_HAL_Driver/Src/stm32f1xx_hal_flash.o
 .comment       0x0000000000000053       0x54 ./Drivers/STM32F1xx_HAL_Driver/Src/stm32f1xx_hal_flash_ex.o
 .comment       0x0000000000000053       0x54 ./Drivers/STM32F1xx_HAL_Driver/Src/stm32f1xx_hal_gpio.o
 .comment       0x0000000000000053       0x54 ./Drivers/STM32F1xx_HAL_Driver/Src/stm32f1xx_hal_i2c.o
 .comment       0x0000000000000053       0x54 ./Drivers/STM32F1xx_HAL_Driver/Src/stm32f1xx_hal_rcc.o
 .comment       0x0000000000000053       0x54 ./Drivers/STM32F1xx_HAL_Driver/Src/stm32f1xx_hal_tim.o
 .comment       0x0000000000000053       0x54 ./Drivers/STM32F1xx_HAL_Driver/Src/stm32f1xx_hal_tim_ex.o

.debug_frame    0x0000000000000000     0x447c
 .debug_frame   0x0000000000000000       0x34 ./Core/Src/ADMIN.o
 .debug_frame   0x0000000000000034      0x130 ./Core/Src/fsm_vm.o
 .debug_frame   0x0000000000000164      0x148 ./Core/Src/i2c.o
 .debug_frame   0x00000000000002ac       0x58 ./Core/Src/keypad.o
 .debug_frame   0x0000000000000304      0x118 ./Core/Src/main.o
 .debug_frame   0x000000000000041c       0x94 ./Core/Src/sensor.o
 .debug_frame   0x00000000000004b0       0xc8 ./Core/Src/stm32f1xx_hal_msp.o
 .debug_frame   0x0000000000000578      0x120 ./Core/Src/stm32f1xx_it.o